Archive member included because of file (symbol)

/home/benjamin/pebble-dev/Projects/GPS_Coords_PasMoche/lib/libpebble.a(tmpHZgwt9pebble_os.o)
                              src/main.c.1.o (app_event_loop)
/home/benjamin/pebble-dev/arm-cs-tools/bin/../lib/gcc/arm-none-eabi/4.6.3/thumb2/libgcc.a(_arm_addsubdf3.o)
                              src/main.c.1.o (__aeabi_dsub)
/home/benjamin/pebble-dev/arm-cs-tools/bin/../lib/gcc/arm-none-eabi/4.6.3/thumb2/libgcc.a(_arm_muldivdf3.o)
                              src/main.c.1.o (__aeabi_dmul)
/home/benjamin/pebble-dev/arm-cs-tools/bin/../lib/gcc/arm-none-eabi/4.6.3/thumb2/libgcc.a(_arm_fixdfsi.o)
                              src/main.c.1.o (__aeabi_d2iz)
/home/benjamin/pebble-dev/arm-cs-tools/bin/../lib/gcc/arm-none-eabi/4.6.3/thumb2/libgcc.a(_arm_fixsfsi.o)
                              src/main.c.1.o (__aeabi_f2iz)

Allocating common symbols
Common symbol       size              file

latLayer            0x38              src/main.c.1.o
altLayer            0x38              src/main.c.1.o
window              0x58              src/main.c.1.o
lonLayer            0x38              src/main.c.1.o

Discarded input sections

 .text          0x00000000        0x0 /home/benjamin/pebble-dev/arm-cs-tools/bin/../lib/gcc/arm-none-eabi/4.6.3/thumb2/crti.o
 .bss           0x00000000        0x0 /home/benjamin/pebble-dev/arm-cs-tools/bin/../lib/gcc/arm-none-eabi/4.6.3/thumb2/crti.o
 .init          0x00000000        0x4 /home/benjamin/pebble-dev/arm-cs-tools/bin/../lib/gcc/arm-none-eabi/4.6.3/thumb2/crti.o
 .fini          0x00000000        0x4 /home/benjamin/pebble-dev/arm-cs-tools/bin/../lib/gcc/arm-none-eabi/4.6.3/thumb2/crti.o
 .text          0x00000000       0x68 /home/benjamin/pebble-dev/arm-cs-tools/bin/../lib/gcc/arm-none-eabi/4.6.3/thumb2/crtbegin.o
 .bss           0x00000000       0x1c /home/benjamin/pebble-dev/arm-cs-tools/bin/../lib/gcc/arm-none-eabi/4.6.3/thumb2/crtbegin.o
 .init_array    0x00000000        0x4 /home/benjamin/pebble-dev/arm-cs-tools/bin/../lib/gcc/arm-none-eabi/4.6.3/thumb2/crtbegin.o
 .fini_array    0x00000000        0x4 /home/benjamin/pebble-dev/arm-cs-tools/bin/../lib/gcc/arm-none-eabi/4.6.3/thumb2/crtbegin.o
 .eh_frame      0x00000000        0x0 /home/benjamin/pebble-dev/arm-cs-tools/bin/../lib/gcc/arm-none-eabi/4.6.3/thumb2/crtbegin.o
 .jcr           0x00000000        0x0 /home/benjamin/pebble-dev/arm-cs-tools/bin/../lib/gcc/arm-none-eabi/4.6.3/thumb2/crtbegin.o
 .text          0x00000000        0x0 src/http.c.1.o
 .bss           0x00000000        0x0 src/http.c.1.o
 .text.http_out_get
                0x00000000       0x4c src/http.c.1.o
 .text.http_out_send
                0x00000000       0x10 src/http.c.1.o
 .text.http_time_request
                0x00000000       0x2a src/http.c.1.o
 .text.http_cookie_set_start
                0x00000000       0x3c src/http.c.1.o
 .text.http_cookie_set_end
                0x00000000       0x10 src/http.c.1.o
 .text.http_cookie_get_multiple
                0x00000000       0x6c src/http.c.1.o
 .text.http_cookie_delete_multiple
                0x00000000       0x6c src/http.c.1.o
 .text.http_cookie_fsync
                0x00000000       0x34 src/http.c.1.o
 .text.http_cookie_set_int
                0x00000000       0x36 src/http.c.1.o
 .text.http_cookie_set_cstring
                0x00000000       0x2a src/http.c.1.o
 .text.http_cookie_set_data
                0x00000000       0x2e src/http.c.1.o
 .text.http_cookie_get
                0x00000000       0x12 src/http.c.1.o
 .text.http_cookie_delete
                0x00000000       0x12 src/http.c.1.o
 .text.http_cookie_set_int32
                0x00000000       0x18 src/http.c.1.o
 .text.http_cookie_set_uint32
                0x00000000       0x18 src/http.c.1.o
 .text.http_cookie_set_int16
                0x00000000       0x18 src/http.c.1.o
 .text.http_cookie_set_uint16
                0x00000000       0x18 src/http.c.1.o
 .text.http_cookie_set_int8
                0x00000000       0x16 src/http.c.1.o
 .text.http_cookie_set_uint8
                0x00000000       0x18 src/http.c.1.o
 .text          0x00000000        0x0 src/main.c.1.o
 .bss           0x00000000        0x0 src/main.c.1.o
 .bss           0x00000000        0x0 /home/benjamin/pebble-dev/Projects/GPS_Coords_PasMoche/lib/libpebble.a(tmpHZgwt9pebble_os.o)
 .text.animation_init
                0x00000000        0xc /home/benjamin/pebble-dev/Projects/GPS_Coords_PasMoche/lib/libpebble.a(tmpHZgwt9pebble_os.o)
 .text.animation_set_delay
                0x00000000        0xc /home/benjamin/pebble-dev/Projects/GPS_Coords_PasMoche/lib/libpebble.a(tmpHZgwt9pebble_os.o)
 .text.animation_set_duration
                0x00000000        0xc /home/benjamin/pebble-dev/Projects/GPS_Coords_PasMoche/lib/libpebble.a(tmpHZgwt9pebble_os.o)
 .text.animation_set_curve
                0x00000000        0xc /home/benjamin/pebble-dev/Projects/GPS_Coords_PasMoche/lib/libpebble.a(tmpHZgwt9pebble_os.o)
 .text.animation_set_handlers
                0x00000000        0xc /home/benjamin/pebble-dev/Projects/GPS_Coords_PasMoche/lib/libpebble.a(tmpHZgwt9pebble_os.o)
 .text.animation_set_implementation
                0x00000000        0xc /home/benjamin/pebble-dev/Projects/GPS_Coords_PasMoche/lib/libpebble.a(tmpHZgwt9pebble_os.o)
 .text.animation_get_context
                0x00000000        0xc /home/benjamin/pebble-dev/Projects/GPS_Coords_PasMoche/lib/libpebble.a(tmpHZgwt9pebble_os.o)
 .text.animation_schedule
                0x00000000        0xc /home/benjamin/pebble-dev/Projects/GPS_Coords_PasMoche/lib/libpebble.a(tmpHZgwt9pebble_os.o)
 .text.animation_unschedule
                0x00000000        0xc /home/benjamin/pebble-dev/Projects/GPS_Coords_PasMoche/lib/libpebble.a(tmpHZgwt9pebble_os.o)
 .text.animation_unschedule_all
                0x00000000        0xc /home/benjamin/pebble-dev/Projects/GPS_Coords_PasMoche/lib/libpebble.a(tmpHZgwt9pebble_os.o)
 .text.animation_is_scheduled
                0x00000000        0xc /home/benjamin/pebble-dev/Projects/GPS_Coords_PasMoche/lib/libpebble.a(tmpHZgwt9pebble_os.o)
 .text.app_timer_send_event
                0x00000000        0xc /home/benjamin/pebble-dev/Projects/GPS_Coords_PasMoche/lib/libpebble.a(tmpHZgwt9pebble_os.o)
 .text.app_timer_cancel_event
                0x00000000        0xc /home/benjamin/pebble-dev/Projects/GPS_Coords_PasMoche/lib/libpebble.a(tmpHZgwt9pebble_os.o)
 .text.bmp_init_container
                0x00000000        0xc /home/benjamin/pebble-dev/Projects/GPS_Coords_PasMoche/lib/libpebble.a(tmpHZgwt9pebble_os.o)
 .text.bmp_deinit_container
                0x00000000        0xc /home/benjamin/pebble-dev/Projects/GPS_Coords_PasMoche/lib/libpebble.a(tmpHZgwt9pebble_os.o)
 .text.cos_lookup
                0x00000000        0xc /home/benjamin/pebble-dev/Projects/GPS_Coords_PasMoche/lib/libpebble.a(tmpHZgwt9pebble_os.o)
 .text.fonts_load_custom_font
                0x00000000        0xc /home/benjamin/pebble-dev/Projects/GPS_Coords_PasMoche/lib/libpebble.a(tmpHZgwt9pebble_os.o)
 .text.fonts_unload_custom_font
                0x00000000        0xc /home/benjamin/pebble-dev/Projects/GPS_Coords_PasMoche/lib/libpebble.a(tmpHZgwt9pebble_os.o)
 .text.graphics_context_set_stroke_color
                0x00000000        0xc /home/benjamin/pebble-dev/Projects/GPS_Coords_PasMoche/lib/libpebble.a(tmpHZgwt9pebble_os.o)
 .text.graphics_context_set_fill_color
                0x00000000        0xc /home/benjamin/pebble-dev/Projects/GPS_Coords_PasMoche/lib/libpebble.a(tmpHZgwt9pebble_os.o)
 .text.graphics_context_set_text_color
                0x00000000        0xc /home/benjamin/pebble-dev/Projects/GPS_Coords_PasMoche/lib/libpebble.a(tmpHZgwt9pebble_os.o)
 .text.graphics_context_set_compositing_mode
                0x00000000        0xc /home/benjamin/pebble-dev/Projects/GPS_Coords_PasMoche/lib/libpebble.a(tmpHZgwt9pebble_os.o)
 .text.graphics_draw_pixel
                0x00000000        0xc /home/benjamin/pebble-dev/Projects/GPS_Coords_PasMoche/lib/libpebble.a(tmpHZgwt9pebble_os.o)
 .text.graphics_draw_line
                0x00000000        0xc /home/benjamin/pebble-dev/Projects/GPS_Coords_PasMoche/lib/libpebble.a(tmpHZgwt9pebble_os.o)
 .text.graphics_fill_rect
                0x00000000        0xc /home/benjamin/pebble-dev/Projects/GPS_Coords_PasMoche/lib/libpebble.a(tmpHZgwt9pebble_os.o)
 .text.graphics_draw_circle
                0x00000000        0xc /home/benjamin/pebble-dev/Projects/GPS_Coords_PasMoche/lib/libpebble.a(tmpHZgwt9pebble_os.o)
 .text.graphics_fill_circle
                0x00000000        0xc /home/benjamin/pebble-dev/Projects/GPS_Coords_PasMoche/lib/libpebble.a(tmpHZgwt9pebble_os.o)
 .text.graphics_draw_round_rect
                0x00000000        0xc /home/benjamin/pebble-dev/Projects/GPS_Coords_PasMoche/lib/libpebble.a(tmpHZgwt9pebble_os.o)
 .text.get_time
                0x00000000        0xc /home/benjamin/pebble-dev/Projects/GPS_Coords_PasMoche/lib/libpebble.a(tmpHZgwt9pebble_os.o)
 .text.gpath_init
                0x00000000        0xc /home/benjamin/pebble-dev/Projects/GPS_Coords_PasMoche/lib/libpebble.a(tmpHZgwt9pebble_os.o)
 .text.gpath_move_to
                0x00000000        0xc /home/benjamin/pebble-dev/Projects/GPS_Coords_PasMoche/lib/libpebble.a(tmpHZgwt9pebble_os.o)
 .text.gpath_rotate_to
                0x00000000        0xc /home/benjamin/pebble-dev/Projects/GPS_Coords_PasMoche/lib/libpebble.a(tmpHZgwt9pebble_os.o)
 .text.gpath_draw_outline
                0x00000000        0xc /home/benjamin/pebble-dev/Projects/GPS_Coords_PasMoche/lib/libpebble.a(tmpHZgwt9pebble_os.o)
 .text.gpath_draw_filled
                0x00000000        0xc /home/benjamin/pebble-dev/Projects/GPS_Coords_PasMoche/lib/libpebble.a(tmpHZgwt9pebble_os.o)
 .text.grect_center_point
                0x00000000        0xc /home/benjamin/pebble-dev/Projects/GPS_Coords_PasMoche/lib/libpebble.a(tmpHZgwt9pebble_os.o)
 .text.layer_mark_dirty
                0x00000000        0xc /home/benjamin/pebble-dev/Projects/GPS_Coords_PasMoche/lib/libpebble.a(tmpHZgwt9pebble_os.o)
 .text.layer_remove_from_parent
                0x00000000        0xc /home/benjamin/pebble-dev/Projects/GPS_Coords_PasMoche/lib/libpebble.a(tmpHZgwt9pebble_os.o)
 .text.layer_get_frame
                0x00000000        0xc /home/benjamin/pebble-dev/Projects/GPS_Coords_PasMoche/lib/libpebble.a(tmpHZgwt9pebble_os.o)
 .text.layer_set_frame
                0x00000000        0xc /home/benjamin/pebble-dev/Projects/GPS_Coords_PasMoche/lib/libpebble.a(tmpHZgwt9pebble_os.o)
 .text.layer_set_hidden
                0x00000000        0xc /home/benjamin/pebble-dev/Projects/GPS_Coords_PasMoche/lib/libpebble.a(tmpHZgwt9pebble_os.o)
 .text.layer_init
                0x00000000        0xc /home/benjamin/pebble-dev/Projects/GPS_Coords_PasMoche/lib/libpebble.a(tmpHZgwt9pebble_os.o)
 .text.light_enable
                0x00000000        0xc /home/benjamin/pebble-dev/Projects/GPS_Coords_PasMoche/lib/libpebble.a(tmpHZgwt9pebble_os.o)
 .text.light_enable_interaction
                0x00000000        0xc /home/benjamin/pebble-dev/Projects/GPS_Coords_PasMoche/lib/libpebble.a(tmpHZgwt9pebble_os.o)
 .text.psleep   0x00000000        0xc /home/benjamin/pebble-dev/Projects/GPS_Coords_PasMoche/lib/libpebble.a(tmpHZgwt9pebble_os.o)
 .text.resource_init_current_app
                0x00000000        0xc /home/benjamin/pebble-dev/Projects/GPS_Coords_PasMoche/lib/libpebble.a(tmpHZgwt9pebble_os.o)
 .text.resource_get_handle
                0x00000000        0xc /home/benjamin/pebble-dev/Projects/GPS_Coords_PasMoche/lib/libpebble.a(tmpHZgwt9pebble_os.o)
 .text.resource_load
                0x00000000        0xc /home/benjamin/pebble-dev/Projects/GPS_Coords_PasMoche/lib/libpebble.a(tmpHZgwt9pebble_os.o)
 .text.resource_load_byte_range
                0x00000000        0xc /home/benjamin/pebble-dev/Projects/GPS_Coords_PasMoche/lib/libpebble.a(tmpHZgwt9pebble_os.o)
 .text.resource_size
                0x00000000        0xc /home/benjamin/pebble-dev/Projects/GPS_Coords_PasMoche/lib/libpebble.a(tmpHZgwt9pebble_os.o)
 .text.rotbmp_deinit_container
                0x00000000        0xc /home/benjamin/pebble-dev/Projects/GPS_Coords_PasMoche/lib/libpebble.a(tmpHZgwt9pebble_os.o)
 .text.rotbmp_init_container
                0x00000000        0xc /home/benjamin/pebble-dev/Projects/GPS_Coords_PasMoche/lib/libpebble.a(tmpHZgwt9pebble_os.o)
 .text.rotbmp_pair_deinit_container
                0x00000000        0xc /home/benjamin/pebble-dev/Projects/GPS_Coords_PasMoche/lib/libpebble.a(tmpHZgwt9pebble_os.o)
 .text.rotbmp_pair_init_container
                0x00000000        0xc /home/benjamin/pebble-dev/Projects/GPS_Coords_PasMoche/lib/libpebble.a(tmpHZgwt9pebble_os.o)
 .text.rotbmp_pair_layer_set_src_ic
                0x00000000        0xc /home/benjamin/pebble-dev/Projects/GPS_Coords_PasMoche/lib/libpebble.a(tmpHZgwt9pebble_os.o)
 .text.rotbmp_pair_layer_set_angle
                0x00000000        0xc /home/benjamin/pebble-dev/Projects/GPS_Coords_PasMoche/lib/libpebble.a(tmpHZgwt9pebble_os.o)
 .text.window_set_background_color
                0x00000000        0xc /home/benjamin/pebble-dev/Projects/GPS_Coords_PasMoche/lib/libpebble.a(tmpHZgwt9pebble_os.o)
 .text.window_render
                0x00000000        0xc /home/benjamin/pebble-dev/Projects/GPS_Coords_PasMoche/lib/libpebble.a(tmpHZgwt9pebble_os.o)
 .text.window_set_fullscreen
                0x00000000        0xc /home/benjamin/pebble-dev/Projects/GPS_Coords_PasMoche/lib/libpebble.a(tmpHZgwt9pebble_os.o)
 .text.sin_lookup
                0x00000000        0xc /home/benjamin/pebble-dev/Projects/GPS_Coords_PasMoche/lib/libpebble.a(tmpHZgwt9pebble_os.o)
 .text.string_format_time
                0x00000000        0xc /home/benjamin/pebble-dev/Projects/GPS_Coords_PasMoche/lib/libpebble.a(tmpHZgwt9pebble_os.o)
 .text.text_layer_get_text
                0x00000000        0xc /home/benjamin/pebble-dev/Projects/GPS_Coords_PasMoche/lib/libpebble.a(tmpHZgwt9pebble_os.o)
 .text.text_layer_set_text_color
                0x00000000        0xc /home/benjamin/pebble-dev/Projects/GPS_Coords_PasMoche/lib/libpebble.a(tmpHZgwt9pebble_os.o)
 .text.text_layer_set_background_color
                0x00000000        0xc /home/benjamin/pebble-dev/Projects/GPS_Coords_PasMoche/lib/libpebble.a(tmpHZgwt9pebble_os.o)
 .text.vibes_double_pulse
                0x00000000        0xc /home/benjamin/pebble-dev/Projects/GPS_Coords_PasMoche/lib/libpebble.a(tmpHZgwt9pebble_os.o)
 .text.vibes_enqueue_custom_pattern
                0x00000000        0xc /home/benjamin/pebble-dev/Projects/GPS_Coords_PasMoche/lib/libpebble.a(tmpHZgwt9pebble_os.o)
 .text.vibes_long_pulse
                0x00000000        0xc /home/benjamin/pebble-dev/Projects/GPS_Coords_PasMoche/lib/libpebble.a(tmpHZgwt9pebble_os.o)
 .text.vibes_short_pulse
                0x00000000        0xc /home/benjamin/pebble-dev/Projects/GPS_Coords_PasMoche/lib/libpebble.a(tmpHZgwt9pebble_os.o)
 .text.app_get_current_graphics_context
                0x00000000        0xc /home/benjamin/pebble-dev/Projects/GPS_Coords_PasMoche/lib/libpebble.a(tmpHZgwt9pebble_os.o)
 .text.clock_is_24h_style
                0x00000000        0xc /home/benjamin/pebble-dev/Projects/GPS_Coords_PasMoche/lib/libpebble.a(tmpHZgwt9pebble_os.o)
 .text.property_animation_init_layer_frame
                0x00000000        0xc /home/benjamin/pebble-dev/Projects/GPS_Coords_PasMoche/lib/libpebble.a(tmpHZgwt9pebble_os.o)
 .text.text_layer_set_text_alignment
                0x00000000        0xc /home/benjamin/pebble-dev/Projects/GPS_Coords_PasMoche/lib/libpebble.a(tmpHZgwt9pebble_os.o)
 .text.graphics_draw_bitmap_in_rect
                0x00000000        0xc /home/benjamin/pebble-dev/Projects/GPS_Coords_PasMoche/lib/libpebble.a(tmpHZgwt9pebble_os.o)
 .text.graphics_text_draw
                0x00000000        0xc /home/benjamin/pebble-dev/Projects/GPS_Coords_PasMoche/lib/libpebble.a(tmpHZgwt9pebble_os.o)
 .text.layer_set_bounds
                0x00000000        0xc /home/benjamin/pebble-dev/Projects/GPS_Coords_PasMoche/lib/libpebble.a(tmpHZgwt9pebble_os.o)
 .text.layer_get_bounds
                0x00000000        0xc /home/benjamin/pebble-dev/Projects/GPS_Coords_PasMoche/lib/libpebble.a(tmpHZgwt9pebble_os.o)
 .text.layer_set_update_proc
                0x00000000        0xc /home/benjamin/pebble-dev/Projects/GPS_Coords_PasMoche/lib/libpebble.a(tmpHZgwt9pebble_os.o)
 .text.layer_get_window
                0x00000000        0xc /home/benjamin/pebble-dev/Projects/GPS_Coords_PasMoche/lib/libpebble.a(tmpHZgwt9pebble_os.o)
 .text.layer_remove_child_layers
                0x00000000        0xc /home/benjamin/pebble-dev/Projects/GPS_Coords_PasMoche/lib/libpebble.a(tmpHZgwt9pebble_os.o)
 .text.layer_insert_below_sibling
                0x00000000        0xc /home/benjamin/pebble-dev/Projects/GPS_Coords_PasMoche/lib/libpebble.a(tmpHZgwt9pebble_os.o)
 .text.layer_insert_above_sibling
                0x00000000        0xc /home/benjamin/pebble-dev/Projects/GPS_Coords_PasMoche/lib/libpebble.a(tmpHZgwt9pebble_os.o)
 .text.layer_get_hidden
                0x00000000        0xc /home/benjamin/pebble-dev/Projects/GPS_Coords_PasMoche/lib/libpebble.a(tmpHZgwt9pebble_os.o)
 .text.layer_set_clips
                0x00000000        0xc /home/benjamin/pebble-dev/Projects/GPS_Coords_PasMoche/lib/libpebble.a(tmpHZgwt9pebble_os.o)
 .text.layer_get_clips
                0x00000000        0xc /home/benjamin/pebble-dev/Projects/GPS_Coords_PasMoche/lib/libpebble.a(tmpHZgwt9pebble_os.o)
 .text.text_layer_get_max_used_size
                0x00000000        0xc /home/benjamin/pebble-dev/Projects/GPS_Coords_PasMoche/lib/libpebble.a(tmpHZgwt9pebble_os.o)
 .text.text_layer_set_size
                0x00000000        0xc /home/benjamin/pebble-dev/Projects/GPS_Coords_PasMoche/lib/libpebble.a(tmpHZgwt9pebble_os.o)
 .text.text_layer_set_overflow_mode
                0x00000000        0xc /home/benjamin/pebble-dev/Projects/GPS_Coords_PasMoche/lib/libpebble.a(tmpHZgwt9pebble_os.o)
 .text.graphics_text_layout_get_max_used_size
                0x00000000        0xc /home/benjamin/pebble-dev/Projects/GPS_Coords_PasMoche/lib/libpebble.a(tmpHZgwt9pebble_os.o)
 .text.inverter_layer_init
                0x00000000        0xc /home/benjamin/pebble-dev/Projects/GPS_Coords_PasMoche/lib/libpebble.a(tmpHZgwt9pebble_os.o)
 .text.bitmap_layer_init
                0x00000000        0xc /home/benjamin/pebble-dev/Projects/GPS_Coords_PasMoche/lib/libpebble.a(tmpHZgwt9pebble_os.o)
 .text.bitmap_layer_set_bitmap
                0x00000000        0xc /home/benjamin/pebble-dev/Projects/GPS_Coords_PasMoche/lib/libpebble.a(tmpHZgwt9pebble_os.o)
 .text.bitmap_layer_set_alignment
                0x00000000        0xc /home/benjamin/pebble-dev/Projects/GPS_Coords_PasMoche/lib/libpebble.a(tmpHZgwt9pebble_os.o)
 .text.bitmap_layer_set_background_color
                0x00000000        0xc /home/benjamin/pebble-dev/Projects/GPS_Coords_PasMoche/lib/libpebble.a(tmpHZgwt9pebble_os.o)
 .text.bitmap_layer_set_compositing_mode
                0x00000000        0xc /home/benjamin/pebble-dev/Projects/GPS_Coords_PasMoche/lib/libpebble.a(tmpHZgwt9pebble_os.o)
 .text.heap_bitmap_init
                0x00000000        0xc /home/benjamin/pebble-dev/Projects/GPS_Coords_PasMoche/lib/libpebble.a(tmpHZgwt9pebble_os.o)
 .text.heap_bitmap_deinit
                0x00000000        0xc /home/benjamin/pebble-dev/Projects/GPS_Coords_PasMoche/lib/libpebble.a(tmpHZgwt9pebble_os.o)
 .text.click_recognizer_get_button_id
                0x00000000        0xc /home/benjamin/pebble-dev/Projects/GPS_Coords_PasMoche/lib/libpebble.a(tmpHZgwt9pebble_os.o)
 .text.click_number_of_clicks_counted
                0x00000000        0xc /home/benjamin/pebble-dev/Projects/GPS_Coords_PasMoche/lib/libpebble.a(tmpHZgwt9pebble_os.o)
 .text.menu_cell_basic_draw
                0x00000000        0xc /home/benjamin/pebble-dev/Projects/GPS_Coords_PasMoche/lib/libpebble.a(tmpHZgwt9pebble_os.o)
 .text.menu_cell_title_draw
                0x00000000        0xc /home/benjamin/pebble-dev/Projects/GPS_Coords_PasMoche/lib/libpebble.a(tmpHZgwt9pebble_os.o)
 .text.menu_cell_basic_header_draw
                0x00000000        0xc /home/benjamin/pebble-dev/Projects/GPS_Coords_PasMoche/lib/libpebble.a(tmpHZgwt9pebble_os.o)
 .text.menu_layer_init
                0x00000000        0xc /home/benjamin/pebble-dev/Projects/GPS_Coords_PasMoche/lib/libpebble.a(tmpHZgwt9pebble_os.o)
 .text.menu_layer_get_layer
                0x00000000        0xc /home/benjamin/pebble-dev/Projects/GPS_Coords_PasMoche/lib/libpebble.a(tmpHZgwt9pebble_os.o)
 .text.menu_layer_set_callbacks
                0x00000000        0xc /home/benjamin/pebble-dev/Projects/GPS_Coords_PasMoche/lib/libpebble.a(tmpHZgwt9pebble_os.o)
 .text.menu_layer_set_click_config_onto_window
                0x00000000        0xc /home/benjamin/pebble-dev/Projects/GPS_Coords_PasMoche/lib/libpebble.a(tmpHZgwt9pebble_os.o)
 .text.menu_layer_set_selected_next
                0x00000000        0xc /home/benjamin/pebble-dev/Projects/GPS_Coords_PasMoche/lib/libpebble.a(tmpHZgwt9pebble_os.o)
 .text.menu_layer_set_selected_index
                0x00000000        0xc /home/benjamin/pebble-dev/Projects/GPS_Coords_PasMoche/lib/libpebble.a(tmpHZgwt9pebble_os.o)
 .text.menu_layer_reload_data
                0x00000000        0xc /home/benjamin/pebble-dev/Projects/GPS_Coords_PasMoche/lib/libpebble.a(tmpHZgwt9pebble_os.o)
 .text.menu_index_compare
                0x00000000        0xc /home/benjamin/pebble-dev/Projects/GPS_Coords_PasMoche/lib/libpebble.a(tmpHZgwt9pebble_os.o)
 .text.scroll_layer_init
                0x00000000        0xc /home/benjamin/pebble-dev/Projects/GPS_Coords_PasMoche/lib/libpebble.a(tmpHZgwt9pebble_os.o)
 .text.scroll_layer_add_child
                0x00000000        0xc /home/benjamin/pebble-dev/Projects/GPS_Coords_PasMoche/lib/libpebble.a(tmpHZgwt9pebble_os.o)
 .text.scroll_layer_set_click_config_onto_window
                0x00000000        0xc /home/benjamin/pebble-dev/Projects/GPS_Coords_PasMoche/lib/libpebble.a(tmpHZgwt9pebble_os.o)
 .text.scroll_layer_set_callbacks
                0x00000000        0xc /home/benjamin/pebble-dev/Projects/GPS_Coords_PasMoche/lib/libpebble.a(tmpHZgwt9pebble_os.o)
 .text.scroll_layer_set_context
                0x00000000        0xc /home/benjamin/pebble-dev/Projects/GPS_Coords_PasMoche/lib/libpebble.a(tmpHZgwt9pebble_os.o)
 .text.scroll_layer_set_content_offset
                0x00000000        0xc /home/benjamin/pebble-dev/Projects/GPS_Coords_PasMoche/lib/libpebble.a(tmpHZgwt9pebble_os.o)
 .text.scroll_layer_get_content_offset
                0x00000000        0xc /home/benjamin/pebble-dev/Projects/GPS_Coords_PasMoche/lib/libpebble.a(tmpHZgwt9pebble_os.o)
 .text.scroll_layer_set_content_size
                0x00000000        0xc /home/benjamin/pebble-dev/Projects/GPS_Coords_PasMoche/lib/libpebble.a(tmpHZgwt9pebble_os.o)
 .text.scroll_layer_get_content_size
                0x00000000        0xc /home/benjamin/pebble-dev/Projects/GPS_Coords_PasMoche/lib/libpebble.a(tmpHZgwt9pebble_os.o)
 .text.scroll_layer_set_frame
                0x00000000        0xc /home/benjamin/pebble-dev/Projects/GPS_Coords_PasMoche/lib/libpebble.a(tmpHZgwt9pebble_os.o)
 .text.scroll_layer_scroll_up_click_handler
                0x00000000        0xc /home/benjamin/pebble-dev/Projects/GPS_Coords_PasMoche/lib/libpebble.a(tmpHZgwt9pebble_os.o)
 .text.scroll_layer_scroll_down_click_handler
                0x00000000        0xc /home/benjamin/pebble-dev/Projects/GPS_Coords_PasMoche/lib/libpebble.a(tmpHZgwt9pebble_os.o)
 .text.simple_menu_layer_init
                0x00000000        0xc /home/benjamin/pebble-dev/Projects/GPS_Coords_PasMoche/lib/libpebble.a(tmpHZgwt9pebble_os.o)
 .text.simple_menu_layer_get_layer
                0x00000000        0xc /home/benjamin/pebble-dev/Projects/GPS_Coords_PasMoche/lib/libpebble.a(tmpHZgwt9pebble_os.o)
 .text.simple_menu_layer_get_selected_index
                0x00000000        0xc /home/benjamin/pebble-dev/Projects/GPS_Coords_PasMoche/lib/libpebble.a(tmpHZgwt9pebble_os.o)
 .text.simple_menu_layer_set_selected_index
                0x00000000        0xc /home/benjamin/pebble-dev/Projects/GPS_Coords_PasMoche/lib/libpebble.a(tmpHZgwt9pebble_os.o)
 .text.window_deinit
                0x00000000        0xc /home/benjamin/pebble-dev/Projects/GPS_Coords_PasMoche/lib/libpebble.a(tmpHZgwt9pebble_os.o)
 .text.window_set_click_config_provider_with_context
                0x00000000        0xc /home/benjamin/pebble-dev/Projects/GPS_Coords_PasMoche/lib/libpebble.a(tmpHZgwt9pebble_os.o)
 .text.window_get_click_config_provider
                0x00000000        0xc /home/benjamin/pebble-dev/Projects/GPS_Coords_PasMoche/lib/libpebble.a(tmpHZgwt9pebble_os.o)
 .text.window_set_window_handlers
                0x00000000        0xc /home/benjamin/pebble-dev/Projects/GPS_Coords_PasMoche/lib/libpebble.a(tmpHZgwt9pebble_os.o)
 .text.window_get_root_layer
                0x00000000        0xc /home/benjamin/pebble-dev/Projects/GPS_Coords_PasMoche/lib/libpebble.a(tmpHZgwt9pebble_os.o)
 .text.window_get_fullscreen
                0x00000000        0xc /home/benjamin/pebble-dev/Projects/GPS_Coords_PasMoche/lib/libpebble.a(tmpHZgwt9pebble_os.o)
 .text.window_set_status_bar_icon
                0x00000000        0xc /home/benjamin/pebble-dev/Projects/GPS_Coords_PasMoche/lib/libpebble.a(tmpHZgwt9pebble_os.o)
 .text.window_is_loaded
                0x00000000        0xc /home/benjamin/pebble-dev/Projects/GPS_Coords_PasMoche/lib/libpebble.a(tmpHZgwt9pebble_os.o)
 .text.window_stack_pop
                0x00000000        0xc /home/benjamin/pebble-dev/Projects/GPS_Coords_PasMoche/lib/libpebble.a(tmpHZgwt9pebble_os.o)
 .text.window_stack_pop_all
                0x00000000        0xc /home/benjamin/pebble-dev/Projects/GPS_Coords_PasMoche/lib/libpebble.a(tmpHZgwt9pebble_os.o)
 .text.window_stack_contains_window
                0x00000000        0xc /home/benjamin/pebble-dev/Projects/GPS_Coords_PasMoche/lib/libpebble.a(tmpHZgwt9pebble_os.o)
 .text.window_stack_get_top_window
                0x00000000        0xc /home/benjamin/pebble-dev/Projects/GPS_Coords_PasMoche/lib/libpebble.a(tmpHZgwt9pebble_os.o)
 .text.window_stack_remove
                0x00000000        0xc /home/benjamin/pebble-dev/Projects/GPS_Coords_PasMoche/lib/libpebble.a(tmpHZgwt9pebble_os.o)
 .text.property_animation_init
                0x00000000        0xc /home/benjamin/pebble-dev/Projects/GPS_Coords_PasMoche/lib/libpebble.a(tmpHZgwt9pebble_os.o)
 .text.property_animation_update_int16
                0x00000000        0xc /home/benjamin/pebble-dev/Projects/GPS_Coords_PasMoche/lib/libpebble.a(tmpHZgwt9pebble_os.o)
 .text.property_animation_update_gpoint
                0x00000000        0xc /home/benjamin/pebble-dev/Projects/GPS_Coords_PasMoche/lib/libpebble.a(tmpHZgwt9pebble_os.o)
 .text.property_animation_update_grect
                0x00000000        0xc /home/benjamin/pebble-dev/Projects/GPS_Coords_PasMoche/lib/libpebble.a(tmpHZgwt9pebble_os.o)
 .text.app_sync_init
                0x00000000        0xc /home/benjamin/pebble-dev/Projects/GPS_Coords_PasMoche/lib/libpebble.a(tmpHZgwt9pebble_os.o)
 .text.app_sync_deinit
                0x00000000        0xc /home/benjamin/pebble-dev/Projects/GPS_Coords_PasMoche/lib/libpebble.a(tmpHZgwt9pebble_os.o)
 .text.app_sync_set
                0x00000000        0xc /home/benjamin/pebble-dev/Projects/GPS_Coords_PasMoche/lib/libpebble.a(tmpHZgwt9pebble_os.o)
 .text.app_sync_get
                0x00000000        0xc /home/benjamin/pebble-dev/Projects/GPS_Coords_PasMoche/lib/libpebble.a(tmpHZgwt9pebble_os.o)
 .text.dict_calc_buffer_size
                0x00000000        0xc /home/benjamin/pebble-dev/Projects/GPS_Coords_PasMoche/lib/libpebble.a(tmpHZgwt9pebble_os.o)
 .text.dict_write_begin
                0x00000000        0xc /home/benjamin/pebble-dev/Projects/GPS_Coords_PasMoche/lib/libpebble.a(tmpHZgwt9pebble_os.o)
 .text.dict_write_data
                0x00000000        0xc /home/benjamin/pebble-dev/Projects/GPS_Coords_PasMoche/lib/libpebble.a(tmpHZgwt9pebble_os.o)
 .text.dict_write_cstring
                0x00000000        0xc /home/benjamin/pebble-dev/Projects/GPS_Coords_PasMoche/lib/libpebble.a(tmpHZgwt9pebble_os.o)
 .text.dict_write_int
                0x00000000        0xc /home/benjamin/pebble-dev/Projects/GPS_Coords_PasMoche/lib/libpebble.a(tmpHZgwt9pebble_os.o)
 .text.dict_write_uint16
                0x00000000        0xc /home/benjamin/pebble-dev/Projects/GPS_Coords_PasMoche/lib/libpebble.a(tmpHZgwt9pebble_os.o)
 .text.dict_write_uint32
                0x00000000        0xc /home/benjamin/pebble-dev/Projects/GPS_Coords_PasMoche/lib/libpebble.a(tmpHZgwt9pebble_os.o)
 .text.dict_write_int8
                0x00000000        0xc /home/benjamin/pebble-dev/Projects/GPS_Coords_PasMoche/lib/libpebble.a(tmpHZgwt9pebble_os.o)
 .text.dict_write_int16
                0x00000000        0xc /home/benjamin/pebble-dev/Projects/GPS_Coords_PasMoche/lib/libpebble.a(tmpHZgwt9pebble_os.o)
 .text.dict_write_int32
                0x00000000        0xc /home/benjamin/pebble-dev/Projects/GPS_Coords_PasMoche/lib/libpebble.a(tmpHZgwt9pebble_os.o)
 .text.dict_write_end
                0x00000000        0xc /home/benjamin/pebble-dev/Projects/GPS_Coords_PasMoche/lib/libpebble.a(tmpHZgwt9pebble_os.o)
 .text.dict_read_begin_from_buffer
                0x00000000        0xc /home/benjamin/pebble-dev/Projects/GPS_Coords_PasMoche/lib/libpebble.a(tmpHZgwt9pebble_os.o)
 .text.dict_serialize_tuplets
                0x00000000        0xc /home/benjamin/pebble-dev/Projects/GPS_Coords_PasMoche/lib/libpebble.a(tmpHZgwt9pebble_os.o)
 .text.dict_serialize_tuplets_to_buffer
                0x00000000        0xc /home/benjamin/pebble-dev/Projects/GPS_Coords_PasMoche/lib/libpebble.a(tmpHZgwt9pebble_os.o)
 .text.dict_serialize_tuplets_to_buffer_with_iter
                0x00000000        0xc /home/benjamin/pebble-dev/Projects/GPS_Coords_PasMoche/lib/libpebble.a(tmpHZgwt9pebble_os.o)
 .text.dict_write_tuplet
                0x00000000        0xc /home/benjamin/pebble-dev/Projects/GPS_Coords_PasMoche/lib/libpebble.a(tmpHZgwt9pebble_os.o)
 .text.dict_calc_buffer_size_from_tuplets
                0x00000000        0xc /home/benjamin/pebble-dev/Projects/GPS_Coords_PasMoche/lib/libpebble.a(tmpHZgwt9pebble_os.o)
 .text.dict_merge
                0x00000000        0xc /home/benjamin/pebble-dev/Projects/GPS_Coords_PasMoche/lib/libpebble.a(tmpHZgwt9pebble_os.o)
 .text.action_bar_layer_init
                0x00000000        0xc /home/benjamin/pebble-dev/Projects/GPS_Coords_PasMoche/lib/libpebble.a(tmpHZgwt9pebble_os.o)
 .text.action_bar_layer_set_context
                0x00000000        0xc /home/benjamin/pebble-dev/Projects/GPS_Coords_PasMoche/lib/libpebble.a(tmpHZgwt9pebble_os.o)
 .text.action_bar_layer_set_click_config_provider
                0x00000000        0xc /home/benjamin/pebble-dev/Projects/GPS_Coords_PasMoche/lib/libpebble.a(tmpHZgwt9pebble_os.o)
 .text.action_bar_layer_set_icon
                0x00000000        0xc /home/benjamin/pebble-dev/Projects/GPS_Coords_PasMoche/lib/libpebble.a(tmpHZgwt9pebble_os.o)
 .text.action_bar_layer_clear_icon
                0x00000000        0xc /home/benjamin/pebble-dev/Projects/GPS_Coords_PasMoche/lib/libpebble.a(tmpHZgwt9pebble_os.o)
 .text.action_bar_layer_add_to_window
                0x00000000        0xc /home/benjamin/pebble-dev/Projects/GPS_Coords_PasMoche/lib/libpebble.a(tmpHZgwt9pebble_os.o)
 .text.action_bar_layer_remove_from_window
                0x00000000        0xc /home/benjamin/pebble-dev/Projects/GPS_Coords_PasMoche/lib/libpebble.a(tmpHZgwt9pebble_os.o)
 .text.action_bar_layer_set_background_color
                0x00000000        0xc /home/benjamin/pebble-dev/Projects/GPS_Coords_PasMoche/lib/libpebble.a(tmpHZgwt9pebble_os.o)
 .text.number_window_init
                0x00000000        0xc /home/benjamin/pebble-dev/Projects/GPS_Coords_PasMoche/lib/libpebble.a(tmpHZgwt9pebble_os.o)
 .text.number_window_set_label
                0x00000000        0xc /home/benjamin/pebble-dev/Projects/GPS_Coords_PasMoche/lib/libpebble.a(tmpHZgwt9pebble_os.o)
 .text.number_window_set_max
                0x00000000        0xc /home/benjamin/pebble-dev/Projects/GPS_Coords_PasMoche/lib/libpebble.a(tmpHZgwt9pebble_os.o)
 .text.number_window_set_min
                0x00000000        0xc /home/benjamin/pebble-dev/Projects/GPS_Coords_PasMoche/lib/libpebble.a(tmpHZgwt9pebble_os.o)
 .text.number_window_set_value
                0x00000000        0xc /home/benjamin/pebble-dev/Projects/GPS_Coords_PasMoche/lib/libpebble.a(tmpHZgwt9pebble_os.o)
 .text.number_window_set_step_size
                0x00000000        0xc /home/benjamin/pebble-dev/Projects/GPS_Coords_PasMoche/lib/libpebble.a(tmpHZgwt9pebble_os.o)
 .text.number_window_get_value
                0x00000000        0xc /home/benjamin/pebble-dev/Projects/GPS_Coords_PasMoche/lib/libpebble.a(tmpHZgwt9pebble_os.o)
 .text.clock_copy_time_string
                0x00000000        0xc /home/benjamin/pebble-dev/Projects/GPS_Coords_PasMoche/lib/libpebble.a(tmpHZgwt9pebble_os.o)
 .text.gbitmap_init_as_sub_bitmap
                0x00000000        0xc /home/benjamin/pebble-dev/Projects/GPS_Coords_PasMoche/lib/libpebble.a(tmpHZgwt9pebble_os.o)
 .text.gbitmap_init_with_data
                0x00000000        0xc /home/benjamin/pebble-dev/Projects/GPS_Coords_PasMoche/lib/libpebble.a(tmpHZgwt9pebble_os.o)
 .text.app_comm_set_sniff_interval
                0x00000000        0xc /home/benjamin/pebble-dev/Projects/GPS_Coords_PasMoche/lib/libpebble.a(tmpHZgwt9pebble_os.o)
 .text.app_log  0x00000000        0xc /home/benjamin/pebble-dev/Projects/GPS_Coords_PasMoche/lib/libpebble.a(tmpHZgwt9pebble_os.o)
 .text.graphics_draw_rect
                0x00000000        0xc /home/benjamin/pebble-dev/Projects/GPS_Coords_PasMoche/lib/libpebble.a(tmpHZgwt9pebble_os.o)
 .text.vibes_cancel
                0x00000000        0xc /home/benjamin/pebble-dev/Projects/GPS_Coords_PasMoche/lib/libpebble.a(tmpHZgwt9pebble_os.o)
 .text.menu_layer_get_selected_index
                0x00000000        0xc /home/benjamin/pebble-dev/Projects/GPS_Coords_PasMoche/lib/libpebble.a(tmpHZgwt9pebble_os.o)
 .text.gpoint_equal
                0x00000000        0xc /home/benjamin/pebble-dev/Projects/GPS_Coords_PasMoche/lib/libpebble.a(tmpHZgwt9pebble_os.o)
 .text.grect_contains_point
                0x00000000        0xc /home/benjamin/pebble-dev/Projects/GPS_Coords_PasMoche/lib/libpebble.a(tmpHZgwt9pebble_os.o)
 .text.grect_align
                0x00000000        0xc /home/benjamin/pebble-dev/Projects/GPS_Coords_PasMoche/lib/libpebble.a(tmpHZgwt9pebble_os.o)
 .text.grect_clip
                0x00000000        0xc /home/benjamin/pebble-dev/Projects/GPS_Coords_PasMoche/lib/libpebble.a(tmpHZgwt9pebble_os.o)
 .text.grect_crop
                0x00000000        0xc /home/benjamin/pebble-dev/Projects/GPS_Coords_PasMoche/lib/libpebble.a(tmpHZgwt9pebble_os.o)
 .text.grect_equal
                0x00000000        0xc /home/benjamin/pebble-dev/Projects/GPS_Coords_PasMoche/lib/libpebble.a(tmpHZgwt9pebble_os.o)
 .text.grect_is_empty
                0x00000000        0xc /home/benjamin/pebble-dev/Projects/GPS_Coords_PasMoche/lib/libpebble.a(tmpHZgwt9pebble_os.o)
 .text.grect_standardize
                0x00000000        0xc /home/benjamin/pebble-dev/Projects/GPS_Coords_PasMoche/lib/libpebble.a(tmpHZgwt9pebble_os.o)
 .text.gsize_equal
                0x00000000        0xc /home/benjamin/pebble-dev/Projects/GPS_Coords_PasMoche/lib/libpebble.a(tmpHZgwt9pebble_os.o)
 .text.rand     0x00000000        0xc /home/benjamin/pebble-dev/Projects/GPS_Coords_PasMoche/lib/libpebble.a(tmpHZgwt9pebble_os.o)
 .text.srand    0x00000000        0xc /home/benjamin/pebble-dev/Projects/GPS_Coords_PasMoche/lib/libpebble.a(tmpHZgwt9pebble_os.o)
 .text.snprintf
                0x00000000        0xc /home/benjamin/pebble-dev/Projects/GPS_Coords_PasMoche/lib/libpebble.a(tmpHZgwt9pebble_os.o)
 .text.strcmp   0x00000000        0xc /home/benjamin/pebble-dev/Projects/GPS_Coords_PasMoche/lib/libpebble.a(tmpHZgwt9pebble_os.o)
 .text.strncmp  0x00000000        0xc /home/benjamin/pebble-dev/Projects/GPS_Coords_PasMoche/lib/libpebble.a(tmpHZgwt9pebble_os.o)
 .text.strcpy   0x00000000        0xc /home/benjamin/pebble-dev/Projects/GPS_Coords_PasMoche/lib/libpebble.a(tmpHZgwt9pebble_os.o)
 .text.strncpy  0x00000000        0xc /home/benjamin/pebble-dev/Projects/GPS_Coords_PasMoche/lib/libpebble.a(tmpHZgwt9pebble_os.o)
 .text.strcat   0x00000000        0xc /home/benjamin/pebble-dev/Projects/GPS_Coords_PasMoche/lib/libpebble.a(tmpHZgwt9pebble_os.o)
 .text.strncat  0x00000000        0xc /home/benjamin/pebble-dev/Projects/GPS_Coords_PasMoche/lib/libpebble.a(tmpHZgwt9pebble_os.o)
 .text.memmove  0x00000000        0xc /home/benjamin/pebble-dev/Projects/GPS_Coords_PasMoche/lib/libpebble.a(tmpHZgwt9pebble_os.o)
 .text.time     0x00000000        0xc /home/benjamin/pebble-dev/Projects/GPS_Coords_PasMoche/lib/libpebble.a(tmpHZgwt9pebble_os.o)
 .text.time_ms  0x00000000        0xc /home/benjamin/pebble-dev/Projects/GPS_Coords_PasMoche/lib/libpebble.a(tmpHZgwt9pebble_os.o)
 .bss           0x00000000        0x0 /home/benjamin/pebble-dev/arm-cs-tools/bin/../lib/gcc/arm-none-eabi/4.6.3/thumb2/libgcc.a(_arm_addsubdf3.o)
 .bss           0x00000000        0x0 /home/benjamin/pebble-dev/arm-cs-tools/bin/../lib/gcc/arm-none-eabi/4.6.3/thumb2/libgcc.a(_arm_muldivdf3.o)
 .bss           0x00000000        0x0 /home/benjamin/pebble-dev/arm-cs-tools/bin/../lib/gcc/arm-none-eabi/4.6.3/thumb2/libgcc.a(_arm_fixdfsi.o)
 .bss           0x00000000        0x0 /home/benjamin/pebble-dev/arm-cs-tools/bin/../lib/gcc/arm-none-eabi/4.6.3/thumb2/libgcc.a(_arm_fixsfsi.o)
 .text          0x00000000        0x0 /home/benjamin/pebble-dev/arm-cs-tools/bin/../lib/gcc/arm-none-eabi/4.6.3/thumb2/crtend.o
 .bss           0x00000000        0x0 /home/benjamin/pebble-dev/arm-cs-tools/bin/../lib/gcc/arm-none-eabi/4.6.3/thumb2/crtend.o
 .eh_frame      0x00000000        0x4 /home/benjamin/pebble-dev/arm-cs-tools/bin/../lib/gcc/arm-none-eabi/4.6.3/thumb2/crtend.o
 .jcr           0x00000000        0x4 /home/benjamin/pebble-dev/arm-cs-tools/bin/../lib/gcc/arm-none-eabi/4.6.3/thumb2/crtend.o
 .text          0x00000000        0x0 /home/benjamin/pebble-dev/arm-cs-tools/bin/../lib/gcc/arm-none-eabi/4.6.3/thumb2/crtn.o
 .bss           0x00000000        0x0 /home/benjamin/pebble-dev/arm-cs-tools/bin/../lib/gcc/arm-none-eabi/4.6.3/thumb2/crtn.o
 .init          0x00000000        0x8 /home/benjamin/pebble-dev/arm-cs-tools/bin/../lib/gcc/arm-none-eabi/4.6.3/thumb2/crtn.o
 .fini          0x00000000        0x8 /home/benjamin/pebble-dev/arm-cs-tools/bin/../lib/gcc/arm-none-eabi/4.6.3/thumb2/crtn.o

Memory Configuration

Name             Origin             Length             Attributes
APP              0x00000000         0x00006000         xrw
*default*        0x00000000         0xffffffff

Linker script and memory map

LOAD /home/benjamin/pebble-dev/arm-cs-tools/bin/../lib/gcc/arm-none-eabi/4.6.3/thumb2/crti.o
LOAD /home/benjamin/pebble-dev/arm-cs-tools/bin/../lib/gcc/arm-none-eabi/4.6.3/thumb2/crtbegin.o
LOAD src/http.c.1.o
LOAD src/main.c.1.o
LOAD /home/benjamin/pebble-dev/Projects/GPS_Coords_PasMoche/lib/libpebble.a
START GROUP
LOAD /home/benjamin/pebble-dev/arm-cs-tools/bin/../lib/gcc/arm-none-eabi/4.6.3/thumb2/libgcc.a
LOAD /home/benjamin/pebble-dev/arm-cs-tools/bin/../lib/gcc/arm-none-eabi/4.6.3/../../../../arm-none-eabi/lib/thumb2/libc.a
END GROUP
LOAD /home/benjamin/pebble-dev/arm-cs-tools/bin/../lib/gcc/arm-none-eabi/4.6.3/thumb2/crtend.o
LOAD /home/benjamin/pebble-dev/arm-cs-tools/bin/../lib/gcc/arm-none-eabi/4.6.3/thumb2/crtn.o

.header         0x00000000       0x7c
 *(.pbl_header)
 .pbl_header    0x00000000       0x7c src/main.c.1.o
                0x00000000                __pbl_app_info

.rodata         0x0000007c       0x20
 .rodata        0x0000007c       0x20 src/main.c.1.o

.rodata.str1.1  0x0000009c       0x3f
 .rodata.str1.1
                0x0000009c       0x3f src/main.c.1.o
                                 0x40 (size before relaxing)

.text           0x000000dc      0x844
 *(.text)
 .text          0x000000dc       0x14 /home/benjamin/pebble-dev/Projects/GPS_Coords_PasMoche/lib/libpebble.a(tmpHZgwt9pebble_os.o)
 .text          0x000000f0      0x370 /home/benjamin/pebble-dev/arm-cs-tools/bin/../lib/gcc/arm-none-eabi/4.6.3/thumb2/libgcc.a(_arm_addsubdf3.o)
                0x000000f0                __aeabi_drsub
                0x000000f8                __aeabi_dsub
                0x000000f8                __subdf3
                0x000000fc                __adddf3
                0x000000fc                __aeabi_dadd
                0x00000374                __aeabi_ui2d
                0x00000374                __floatunsidf
                0x00000394                __floatsidf
                0x00000394                __aeabi_i2d
                0x000003b8                __extendsfdf2
                0x000003b8                __aeabi_f2d
                0x000003f4                __aeabi_ul2d
                0x000003f4                __floatundidf
                0x00000404                __floatdidf
                0x00000404                __aeabi_l2d
 .text          0x00000460      0x424 /home/benjamin/pebble-dev/arm-cs-tools/bin/../lib/gcc/arm-none-eabi/4.6.3/thumb2/libgcc.a(_arm_muldivdf3.o)
                0x00000460                __aeabi_dmul
                0x00000460                __muldf3
                0x000006b4                __aeabi_ddiv
                0x000006b4                __divdf3
 .text          0x00000884       0x50 /home/benjamin/pebble-dev/arm-cs-tools/bin/../lib/gcc/arm-none-eabi/4.6.3/thumb2/libgcc.a(_arm_fixdfsi.o)
                0x00000884                __fixdfsi
                0x00000884                __aeabi_d2iz
 .text          0x000008d4       0x4c /home/benjamin/pebble-dev/arm-cs-tools/bin/../lib/gcc/arm-none-eabi/4.6.3/thumb2/libgcc.a(_arm_fixsfsi.o)
                0x000008d4                __fixsfsi
                0x000008d4                __aeabi_f2iz

.glue_7         0x00000920        0x0
 .glue_7        0x00000000        0x0 linker stubs

.glue_7t        0x00000920        0x0
 .glue_7t       0x00000000        0x0 linker stubs

.vfp11_veneer   0x00000920        0x0
 .vfp11_veneer  0x00000000        0x0 linker stubs

.v4_bx          0x00000920        0x0
 .v4_bx         0x00000000        0x0 linker stubs

.iplt           0x00000920        0x0
 .iplt          0x00000000        0x0 /home/benjamin/pebble-dev/arm-cs-tools/bin/../lib/gcc/arm-none-eabi/4.6.3/thumb2/crti.o

.text.app_send_failed
                0x00000920       0x18
 .text.app_send_failed
                0x00000920       0x18 src/http.c.1.o

.text.app_dropped
                0x00000938       0x1c
 .text.app_dropped
                0x00000938       0x1c src/http.c.1.o

.text.http_register_callbacks
                0x00000954       0xa0
 .text.http_register_callbacks
                0x00000954       0xa0 src/http.c.1.o
                0x00000954                http_register_callbacks

.text.floatFromUint32
                0x000009f4        0x2
 .text.floatFromUint32
                0x000009f4        0x2 src/http.c.1.o
                0x000009f4                floatFromUint32

.text.app_received
                0x000009f8      0x298
 .text.app_received
                0x000009f8      0x298 src/http.c.1.o

.text.http_location_request
                0x00000c90       0x2a
 .text.http_location_request
                0x00000c90       0x2a src/http.c.1.o
                0x00000c90                http_location_request

.text.http_set_app_id
                0x00000cbc        0xc
 .text.http_set_app_id
                0x00000cbc        0xc src/http.c.1.o
                0x00000cbc                http_set_app_id

.text.config_provider
                0x00000cc8       0x10
 .text.config_provider
                0x00000cc8       0x10 src/main.c.1.o
                0x00000cc8                config_provider

.text.handle_init
                0x00000cd8      0x138
 .text.handle_init
                0x00000cd8      0x138 src/main.c.1.o
                0x00000cd8                handle_init

.text.select_single_click_handler
                0x00000e10       0x4c
 .text.select_single_click_handler
                0x00000e10       0x4c src/main.c.1.o
                0x00000e10                select_single_click_handler

.text.itoa      0x00000e5c       0x58
 .text.itoa     0x00000e5c       0x58 src/main.c.1.o
                0x00000e5c                itoa

.text.location  0x00000eb4      0x2cc
 .text.location
                0x00000eb4      0x2cc src/main.c.1.o
                0x00000eb4                location

.text.pbl_main  0x00001180       0x34
 .text.pbl_main
                0x00001180       0x34 src/main.c.1.o
                0x00001180                pbl_main

.text.app_event_loop
                0x000011b4        0xc
 .text.app_event_loop
                0x000011b4        0xc /home/benjamin/pebble-dev/Projects/GPS_Coords_PasMoche/lib/libpebble.a(tmpHZgwt9pebble_os.o)
                0x000011b4                app_event_loop

.text.fonts_get_system_font
                0x000011c0        0xc
 .text.fonts_get_system_font
                0x000011c0        0xc /home/benjamin/pebble-dev/Projects/GPS_Coords_PasMoche/lib/libpebble.a(tmpHZgwt9pebble_os.o)
                0x000011c0                fonts_get_system_font

.text.layer_add_child
                0x000011cc        0xc
 .text.layer_add_child
                0x000011cc        0xc /home/benjamin/pebble-dev/Projects/GPS_Coords_PasMoche/lib/libpebble.a(tmpHZgwt9pebble_os.o)
                0x000011cc                layer_add_child

.text.window_init
                0x000011d8        0xc
 .text.window_init
                0x000011d8        0xc /home/benjamin/pebble-dev/Projects/GPS_Coords_PasMoche/lib/libpebble.a(tmpHZgwt9pebble_os.o)
                0x000011d8                window_init

.text.window_stack_push
                0x000011e4        0xc
 .text.window_stack_push
                0x000011e4        0xc /home/benjamin/pebble-dev/Projects/GPS_Coords_PasMoche/lib/libpebble.a(tmpHZgwt9pebble_os.o)
                0x000011e4                window_stack_push

.text.window_set_click_config_provider
                0x000011f0        0xc
 .text.window_set_click_config_provider
                0x000011f0        0xc /home/benjamin/pebble-dev/Projects/GPS_Coords_PasMoche/lib/libpebble.a(tmpHZgwt9pebble_os.o)
                0x000011f0                window_set_click_config_provider

.text.text_layer_init
                0x000011fc        0xc
 .text.text_layer_init
                0x000011fc        0xc /home/benjamin/pebble-dev/Projects/GPS_Coords_PasMoche/lib/libpebble.a(tmpHZgwt9pebble_os.o)
                0x000011fc                text_layer_init

.text.text_layer_set_text
                0x00001208        0xc
 .text.text_layer_set_text
                0x00001208        0xc /home/benjamin/pebble-dev/Projects/GPS_Coords_PasMoche/lib/libpebble.a(tmpHZgwt9pebble_os.o)
                0x00001208                text_layer_set_text

.text.text_layer_set_font
                0x00001214        0xc
 .text.text_layer_set_font
                0x00001214        0xc /home/benjamin/pebble-dev/Projects/GPS_Coords_PasMoche/lib/libpebble.a(tmpHZgwt9pebble_os.o)
                0x00001214                text_layer_set_font

.text.app_message_register_callbacks
                0x00001220        0xc
 .text.app_message_register_callbacks
                0x00001220        0xc /home/benjamin/pebble-dev/Projects/GPS_Coords_PasMoche/lib/libpebble.a(tmpHZgwt9pebble_os.o)
                0x00001220                app_message_register_callbacks

.text.app_message_deregister_callbacks
                0x0000122c        0xc
 .text.app_message_deregister_callbacks
                0x0000122c        0xc /home/benjamin/pebble-dev/Projects/GPS_Coords_PasMoche/lib/libpebble.a(tmpHZgwt9pebble_os.o)
                0x0000122c                app_message_deregister_callbacks

.text.app_message_out_get
                0x00001238        0xc
 .text.app_message_out_get
                0x00001238        0xc /home/benjamin/pebble-dev/Projects/GPS_Coords_PasMoche/lib/libpebble.a(tmpHZgwt9pebble_os.o)
                0x00001238                app_message_out_get

.text.app_message_out_send
                0x00001244        0xc
 .text.app_message_out_send
                0x00001244        0xc /home/benjamin/pebble-dev/Projects/GPS_Coords_PasMoche/lib/libpebble.a(tmpHZgwt9pebble_os.o)
                0x00001244                app_message_out_send

.text.app_message_out_release
                0x00001250        0xc
 .text.app_message_out_release
                0x00001250        0xc /home/benjamin/pebble-dev/Projects/GPS_Coords_PasMoche/lib/libpebble.a(tmpHZgwt9pebble_os.o)
                0x00001250                app_message_out_release

.text.dict_write_uint8
                0x0000125c        0xc
 .text.dict_write_uint8
                0x0000125c        0xc /home/benjamin/pebble-dev/Projects/GPS_Coords_PasMoche/lib/libpebble.a(tmpHZgwt9pebble_os.o)
                0x0000125c                dict_write_uint8

.text.dict_read_next
                0x00001268        0xc
 .text.dict_read_next
                0x00001268        0xc /home/benjamin/pebble-dev/Projects/GPS_Coords_PasMoche/lib/libpebble.a(tmpHZgwt9pebble_os.o)
                0x00001268                dict_read_next

.text.dict_read_first
                0x00001274        0xc
 .text.dict_read_first
                0x00001274        0xc /home/benjamin/pebble-dev/Projects/GPS_Coords_PasMoche/lib/libpebble.a(tmpHZgwt9pebble_os.o)
                0x00001274                dict_read_first

.text.dict_find
                0x00001280        0xc
 .text.dict_find
                0x00001280        0xc /home/benjamin/pebble-dev/Projects/GPS_Coords_PasMoche/lib/libpebble.a(tmpHZgwt9pebble_os.o)
                0x00001280                dict_find

.text.strlen    0x0000128c        0xc
 .text.strlen   0x0000128c        0xc /home/benjamin/pebble-dev/Projects/GPS_Coords_PasMoche/lib/libpebble.a(tmpHZgwt9pebble_os.o)
                0x0000128c                strlen

.text.memset    0x00001298        0xc
 .text.memset   0x00001298        0xc /home/benjamin/pebble-dev/Projects/GPS_Coords_PasMoche/lib/libpebble.a(tmpHZgwt9pebble_os.o)
                0x00001298                memset

.text.memcpy    0x000012a4        0xc
 .text.memcpy   0x000012a4        0xc /home/benjamin/pebble-dev/Projects/GPS_Coords_PasMoche/lib/libpebble.a(tmpHZgwt9pebble_os.o)
                0x000012a4                memcpy

.rel.dyn        0x000012b0        0x0
 .rel.iplt      0x00000000        0x0 /home/benjamin/pebble-dev/arm-cs-tools/bin/../lib/gcc/arm-none-eabi/4.6.3/thumb2/crti.o
 .rel.got       0x00000000        0x0 /home/benjamin/pebble-dev/arm-cs-tools/bin/../lib/gcc/arm-none-eabi/4.6.3/thumb2/crti.o

.data           0x000012b0        0x4
 *(.data)
 .data          0x000012b0        0x0 /home/benjamin/pebble-dev/arm-cs-tools/bin/../lib/gcc/arm-none-eabi/4.6.3/thumb2/crti.o
 .data          0x000012b0        0x4 /home/benjamin/pebble-dev/arm-cs-tools/bin/../lib/gcc/arm-none-eabi/4.6.3/thumb2/crtbegin.o
                0x000012b0                __dso_handle
 .data          0x000012b4        0x0 src/http.c.1.o
 .data          0x000012b4        0x0 src/main.c.1.o
 .data          0x000012b4        0x0 /home/benjamin/pebble-dev/Projects/GPS_Coords_PasMoche/lib/libpebble.a(tmpHZgwt9pebble_os.o)
 .data          0x000012b4        0x0 /home/benjamin/pebble-dev/arm-cs-tools/bin/../lib/gcc/arm-none-eabi/4.6.3/thumb2/libgcc.a(_arm_addsubdf3.o)
 .data          0x000012b4        0x0 /home/benjamin/pebble-dev/arm-cs-tools/bin/../lib/gcc/arm-none-eabi/4.6.3/thumb2/libgcc.a(_arm_muldivdf3.o)
 .data          0x000012b4        0x0 /home/benjamin/pebble-dev/arm-cs-tools/bin/../lib/gcc/arm-none-eabi/4.6.3/thumb2/libgcc.a(_arm_fixdfsi.o)
 .data          0x000012b4        0x0 /home/benjamin/pebble-dev/arm-cs-tools/bin/../lib/gcc/arm-none-eabi/4.6.3/thumb2/libgcc.a(_arm_fixsfsi.o)
 .data          0x000012b4        0x0 /home/benjamin/pebble-dev/arm-cs-tools/bin/../lib/gcc/arm-none-eabi/4.6.3/thumb2/crtend.o
 .data          0x000012b4        0x0 /home/benjamin/pebble-dev/arm-cs-tools/bin/../lib/gcc/arm-none-eabi/4.6.3/thumb2/crtn.o

.igot.plt       0x000012b4        0x0
 .igot.plt      0x00000000        0x0 /home/benjamin/pebble-dev/arm-cs-tools/bin/../lib/gcc/arm-none-eabi/4.6.3/thumb2/crti.o

.got            0x000012b4       0x10
 .got           0x000012b4       0x10 /home/benjamin/pebble-dev/arm-cs-tools/bin/../lib/gcc/arm-none-eabi/4.6.3/thumb2/crti.o

.got.plt        0x000012c4        0xc
 .got.plt       0x000012c4        0xc /home/benjamin/pebble-dev/arm-cs-tools/bin/../lib/gcc/arm-none-eabi/4.6.3/thumb2/crti.o
                0x000012c4                _GLOBAL_OFFSET_TABLE_

.data.lon.6915  0x000012d0       0x1e
 .data.lon.6915
                0x000012d0       0x1e src/main.c.1.o

.data.lat.6914  0x000012ee       0x1e
 .data.lat.6914
                0x000012ee       0x1e src/main.c.1.o

.data.degsign.6913
                0x0000130c        0x3
 .data.degsign.6913
                0x0000130c        0x3 src/main.c.1.o

.data.alt.6916  0x0000130f       0x1e
 .data.alt.6916
                0x0000130f       0x1e src/main.c.1.o

.bss            0x00001330      0x100
 *(.bss)
 COMMON         0x00001330      0x100 src/main.c.1.o
                0x00001330                latLayer
                0x00001368                altLayer
                0x000013a0                window
                0x000013f8                lonLayer

.bss.our_app_id
                0x00001430        0x4
 .bss.our_app_id
                0x00001430        0x4 src/http.c.1.o

.bss.app_callbacks
                0x00001434       0x1c
 .bss.app_callbacks
                0x00001434       0x1c src/http.c.1.o

.bss.http_callbacks
                0x00001450       0x28
 .bss.http_callbacks
                0x00001450       0x28 src/http.c.1.o

.bss.callbacks_registered
                0x00001478        0x1
 .bss.callbacks_registered
                0x00001478        0x1 src/http.c.1.o

.bss.located    0x00001479        0x1
 .bss.located   0x00001479        0x1 src/main.c.1.o

.bss.buf.6894   0x0000147a        0xe
 .bss.buf.6894  0x0000147a        0xe src/main.c.1.o

DISCARD
 libc.a(*)
 libm.a(*)
 libgcc.a(*)
 *(.eh_frame)
OUTPUT(/home/benjamin/pebble-dev/Projects/GPS_Coords_PasMoche/build/pebble-app.elf elf32-littlearm)

.ARM.attributes
                0x00000000       0x27
 .ARM.attributes
                0x00000000       0x1b /home/benjamin/pebble-dev/arm-cs-tools/bin/../lib/gcc/arm-none-eabi/4.6.3/thumb2/crti.o
 .ARM.attributes
                0x0000001b       0x2b /home/benjamin/pebble-dev/arm-cs-tools/bin/../lib/gcc/arm-none-eabi/4.6.3/thumb2/crtbegin.o
 .ARM.attributes
                0x00000046       0x33 src/http.c.1.o
 .ARM.attributes
                0x00000079       0x33 src/main.c.1.o
 .ARM.attributes
                0x000000ac       0x21 /home/benjamin/pebble-dev/Projects/GPS_Coords_PasMoche/lib/libpebble.a(tmpHZgwt9pebble_os.o)
 .ARM.attributes
                0x000000cd       0x1b /home/benjamin/pebble-dev/arm-cs-tools/bin/../lib/gcc/arm-none-eabi/4.6.3/thumb2/libgcc.a(_arm_addsubdf3.o)
 .ARM.attributes
                0x000000e8       0x1b /home/benjamin/pebble-dev/arm-cs-tools/bin/../lib/gcc/arm-none-eabi/4.6.3/thumb2/libgcc.a(_arm_muldivdf3.o)
 .ARM.attributes
                0x00000103       0x1b /home/benjamin/pebble-dev/arm-cs-tools/bin/../lib/gcc/arm-none-eabi/4.6.3/thumb2/libgcc.a(_arm_fixdfsi.o)
 .ARM.attributes
                0x0000011e       0x1b /home/benjamin/pebble-dev/arm-cs-tools/bin/../lib/gcc/arm-none-eabi/4.6.3/thumb2/libgcc.a(_arm_fixsfsi.o)
 .ARM.attributes
                0x00000139       0x2b /home/benjamin/pebble-dev/arm-cs-tools/bin/../lib/gcc/arm-none-eabi/4.6.3/thumb2/crtend.o
 .ARM.attributes
                0x00000164       0x1b /home/benjamin/pebble-dev/arm-cs-tools/bin/../lib/gcc/arm-none-eabi/4.6.3/thumb2/crtn.o

.comment        0x00000000       0x4e
 .comment       0x00000000       0x4e /home/benjamin/pebble-dev/arm-cs-tools/bin/../lib/gcc/arm-none-eabi/4.6.3/thumb2/crtbegin.o
                                 0x4f (size before relaxing)
 .comment       0x00000000       0x4f src/http.c.1.o
 .comment       0x00000000       0x4f src/main.c.1.o
 .comment       0x00000000       0x4f /home/benjamin/pebble-dev/arm-cs-tools/bin/../lib/gcc/arm-none-eabi/4.6.3/thumb2/crtend.o

.debug_line     0x00000000      0xcb9
 .debug_line    0x00000000       0x71 /home/benjamin/pebble-dev/arm-cs-tools/bin/../lib/gcc/arm-none-eabi/4.6.3/thumb2/crti.o
 .debug_line    0x00000071      0x3f6 src/http.c.1.o
 .debug_line    0x00000467      0x282 src/main.c.1.o
 .debug_line    0x000006e9      0x212 /home/benjamin/pebble-dev/arm-cs-tools/bin/../lib/gcc/arm-none-eabi/4.6.3/thumb2/libgcc.a(_arm_addsubdf3.o)
 .debug_line    0x000008fb      0x22f /home/benjamin/pebble-dev/arm-cs-tools/bin/../lib/gcc/arm-none-eabi/4.6.3/thumb2/libgcc.a(_arm_muldivdf3.o)
 .debug_line    0x00000b2a       0x8d /home/benjamin/pebble-dev/arm-cs-tools/bin/../lib/gcc/arm-none-eabi/4.6.3/thumb2/libgcc.a(_arm_fixdfsi.o)
 .debug_line    0x00000bb7       0x8d /home/benjamin/pebble-dev/arm-cs-tools/bin/../lib/gcc/arm-none-eabi/4.6.3/thumb2/libgcc.a(_arm_fixsfsi.o)
 .debug_line    0x00000c44       0x75 /home/benjamin/pebble-dev/arm-cs-tools/bin/../lib/gcc/arm-none-eabi/4.6.3/thumb2/crtn.o

.debug_info     0x00000000     0x2dcb
 .debug_info    0x00000000       0x93 /home/benjamin/pebble-dev/arm-cs-tools/bin/../lib/gcc/arm-none-eabi/4.6.3/thumb2/crti.o
 .debug_info    0x00000093     0x132a src/http.c.1.o
 .debug_info    0x000013bd     0x166f src/main.c.1.o
 .debug_info    0x00002a2c       0xc3 /home/benjamin/pebble-dev/arm-cs-tools/bin/../lib/gcc/arm-none-eabi/4.6.3/thumb2/libgcc.a(_arm_addsubdf3.o)
 .debug_info    0x00002aef       0xc3 /home/benjamin/pebble-dev/arm-cs-tools/bin/../lib/gcc/arm-none-eabi/4.6.3/thumb2/libgcc.a(_arm_muldivdf3.o)
 .debug_info    0x00002bb2       0xc3 /home/benjamin/pebble-dev/arm-cs-tools/bin/../lib/gcc/arm-none-eabi/4.6.3/thumb2/libgcc.a(_arm_fixdfsi.o)
 .debug_info    0x00002c75       0xc3 /home/benjamin/pebble-dev/arm-cs-tools/bin/../lib/gcc/arm-none-eabi/4.6.3/thumb2/libgcc.a(_arm_fixsfsi.o)
 .debug_info    0x00002d38       0x93 /home/benjamin/pebble-dev/arm-cs-tools/bin/../lib/gcc/arm-none-eabi/4.6.3/thumb2/crtn.o

.debug_abbrev   0x00000000      0x5e8
 .debug_abbrev  0x00000000       0x12 /home/benjamin/pebble-dev/arm-cs-tools/bin/../lib/gcc/arm-none-eabi/4.6.3/thumb2/crti.o
 .debug_abbrev  0x00000012      0x319 src/http.c.1.o
 .debug_abbrev  0x0000032b      0x25b src/main.c.1.o
 .debug_abbrev  0x00000586       0x14 /home/benjamin/pebble-dev/arm-cs-tools/bin/../lib/gcc/arm-none-eabi/4.6.3/thumb2/libgcc.a(_arm_addsubdf3.o)
 .debug_abbrev  0x0000059a       0x14 /home/benjamin/pebble-dev/arm-cs-tools/bin/../lib/gcc/arm-none-eabi/4.6.3/thumb2/libgcc.a(_arm_muldivdf3.o)
 .debug_abbrev  0x000005ae       0x14 /home/benjamin/pebble-dev/arm-cs-tools/bin/../lib/gcc/arm-none-eabi/4.6.3/thumb2/libgcc.a(_arm_fixdfsi.o)
 .debug_abbrev  0x000005c2       0x14 /home/benjamin/pebble-dev/arm-cs-tools/bin/../lib/gcc/arm-none-eabi/4.6.3/thumb2/libgcc.a(_arm_fixsfsi.o)
 .debug_abbrev  0x000005d6       0x12 /home/benjamin/pebble-dev/arm-cs-tools/bin/../lib/gcc/arm-none-eabi/4.6.3/thumb2/crtn.o

.debug_aranges  0x00000000      0x200
 .debug_aranges
                0x00000000       0x28 /home/benjamin/pebble-dev/arm-cs-tools/bin/../lib/gcc/arm-none-eabi/4.6.3/thumb2/crti.o
 .debug_aranges
                0x00000028       0xe8 src/http.c.1.o
 .debug_aranges
                0x00000110       0x48 src/main.c.1.o
 .debug_aranges
                0x00000158       0x20 /home/benjamin/pebble-dev/arm-cs-tools/bin/../lib/gcc/arm-none-eabi/4.6.3/thumb2/libgcc.a(_arm_addsubdf3.o)
 .debug_aranges
                0x00000178       0x20 /home/benjamin/pebble-dev/arm-cs-tools/bin/../lib/gcc/arm-none-eabi/4.6.3/thumb2/libgcc.a(_arm_muldivdf3.o)
 .debug_aranges
                0x00000198       0x20 /home/benjamin/pebble-dev/arm-cs-tools/bin/../lib/gcc/arm-none-eabi/4.6.3/thumb2/libgcc.a(_arm_fixdfsi.o)
 .debug_aranges
                0x000001b8       0x20 /home/benjamin/pebble-dev/arm-cs-tools/bin/../lib/gcc/arm-none-eabi/4.6.3/thumb2/libgcc.a(_arm_fixsfsi.o)
 .debug_aranges
                0x000001d8       0x28 /home/benjamin/pebble-dev/arm-cs-tools/bin/../lib/gcc/arm-none-eabi/4.6.3/thumb2/crtn.o

.debug_ranges   0x00000000      0x1f8
 .debug_ranges  0x00000000       0x20 /home/benjamin/pebble-dev/arm-cs-tools/bin/../lib/gcc/arm-none-eabi/4.6.3/thumb2/crti.o
 .debug_ranges  0x00000020      0x180 src/http.c.1.o
 .debug_ranges  0x000001a0       0x38 src/main.c.1.o
 .debug_ranges  0x000001d8       0x20 /home/benjamin/pebble-dev/arm-cs-tools/bin/../lib/gcc/arm-none-eabi/4.6.3/thumb2/crtn.o

.debug_loc      0x00000000     0x12df
 .debug_loc     0x00000000      0xeef src/http.c.1.o
 .debug_loc     0x00000eef      0x3f0 src/main.c.1.o

.debug_str      0x00000000     0x134c
 .debug_str     0x00000000      0x9ce src/http.c.1.o
                                0xab9 (size before relaxing)
 .debug_str     0x000009ce      0x97e src/main.c.1.o
                                0xf2c (size before relaxing)

.debug_frame    0x00000000      0x3c8
 .debug_frame   0x00000000      0x308 src/http.c.1.o
 .debug_frame   0x00000308       0xc0 src/main.c.1.o
