Archive member included because of file (symbol)

/home/benjamin/pebble-dev/Projects/GPS_Coords_PasMoche/lib/libpebble.a(tmpHZgwt9pebble_os.o)
                              src/main.c.1.o (app_event_loop)
/home/benjamin/pebble-dev/arm-cs-tools/bin/../lib/gcc/arm-none-eabi/4.6.3/thumb2/libgcc.a(_arm_addsubsf3.o)
                              src/main.c.1.o (__aeabi_fsub)
/home/benjamin/pebble-dev/arm-cs-tools/bin/../lib/gcc/arm-none-eabi/4.6.3/thumb2/libgcc.a(_arm_muldivsf3.o)
                              src/main.c.1.o (__aeabi_fmul)
/home/benjamin/pebble-dev/arm-cs-tools/bin/../lib/gcc/arm-none-eabi/4.6.3/thumb2/libgcc.a(_arm_fixsfsi.o)
                              src/main.c.1.o (__aeabi_f2iz)

Allocating common symbols
Common symbol       size              file

latLayer            0x38              src/main.c.1.o
altLayer            0x38              src/main.c.1.o
window              0x58              src/main.c.1.o
lonLayer            0x38              src/main.c.1.o

Discarded input sections

 .text          0x00000000        0x0 /home/benjamin/pebble-dev/arm-cs-tools/bin/../lib/gcc/arm-none-eabi/4.6.3/thumb2/crti.o
 .bss           0x00000000        0x0 /home/benjamin/pebble-dev/arm-cs-tools/bin/../lib/gcc/arm-none-eabi/4.6.3/thumb2/crti.o
 .init          0x00000000        0x4 /home/benjamin/pebble-dev/arm-cs-tools/bin/../lib/gcc/arm-none-eabi/4.6.3/thumb2/crti.o
 .fini          0x00000000        0x4 /home/benjamin/pebble-dev/arm-cs-tools/bin/../lib/gcc/arm-none-eabi/4.6.3/thumb2/crti.o
 .text          0x00000000       0x68 /home/benjamin/pebble-dev/arm-cs-tools/bin/../lib/gcc/arm-none-eabi/4.6.3/thumb2/crtbegin.o
 .bss           0x00000000       0x1c /home/benjamin/pebble-dev/arm-cs-tools/bin/../lib/gcc/arm-none-eabi/4.6.3/thumb2/crtbegin.o
 .init_array    0x00000000        0x4 /home/benjamin/pebble-dev/arm-cs-tools/bin/../lib/gcc/arm-none-eabi/4.6.3/thumb2/crtbegin.o
 .fini_array    0x00000000        0x4 /home/benjamin/pebble-dev/arm-cs-tools/bin/../lib/gcc/arm-none-eabi/4.6.3/thumb2/crtbegin.o
 .eh_frame      0x00000000        0x0 /home/benjamin/pebble-dev/arm-cs-tools/bin/../lib/gcc/arm-none-eabi/4.6.3/thumb2/crtbegin.o
 .jcr           0x00000000        0x0 /home/benjamin/pebble-dev/arm-cs-tools/bin/../lib/gcc/arm-none-eabi/4.6.3/thumb2/crtbegin.o
 .text          0x00000000        0x0 src/http.c.1.o
 .bss           0x00000000        0x0 src/http.c.1.o
 .text.http_out_get
                0x00000000       0x4c src/http.c.1.o
 .text.http_out_send
                0x00000000       0x10 src/http.c.1.o
 .text.http_time_request
                0x00000000       0x2a src/http.c.1.o
 .text.http_cookie_set_start
                0x00000000       0x3c src/http.c.1.o
 .text.http_cookie_set_end
                0x00000000       0x10 src/http.c.1.o
 .text.http_cookie_get_multiple
                0x00000000       0x6c src/http.c.1.o
 .text.http_cookie_delete_multiple
                0x00000000       0x6c src/http.c.1.o
 .text.http_cookie_fsync
                0x00000000       0x34 src/http.c.1.o
 .text.http_cookie_set_int
                0x00000000       0x36 src/http.c.1.o
 .text.http_cookie_set_cstring
                0x00000000       0x2a src/http.c.1.o
 .text.http_cookie_set_data
                0x00000000       0x2e src/http.c.1.o
 .text.http_cookie_get
                0x00000000       0x12 src/http.c.1.o
 .text.http_cookie_delete
                0x00000000       0x12 src/http.c.1.o
 .text.http_cookie_set_int32
                0x00000000       0x18 src/http.c.1.o
 .text.http_cookie_set_uint32
                0x00000000       0x18 src/http.c.1.o
 .text.http_cookie_set_int16
                0x00000000       0x18 src/http.c.1.o
 .text.http_cookie_set_uint16
                0x00000000       0x18 src/http.c.1.o
 .text.http_cookie_set_int8
                0x00000000       0x16 src/http.c.1.o
 .text.http_cookie_set_uint8
                0x00000000       0x18 src/http.c.1.o
 .text          0x00000000        0x0 src/main.c.1.o
 .bss           0x00000000        0x0 src/main.c.1.o
 .bss           0x00000000        0x0 /home/benjamin/pebble-dev/Projects/GPS_Coords_PasMoche/lib/libpebble.a(tmpHZgwt9pebble_os.o)
 .text.animation_init
                0x00000000        0xc /home/benjamin/pebble-dev/Projects/GPS_Coords_PasMoche/lib/libpebble.a(tmpHZgwt9pebble_os.o)
 .text.animation_set_delay
                0x00000000        0xc /home/benjamin/pebble-dev/Projects/GPS_Coords_PasMoche/lib/libpebble.a(tmpHZgwt9pebble_os.o)
 .text.animation_set_duration
                0x00000000        0xc /home/benjamin/pebble-dev/Projects/GPS_Coords_PasMoche/lib/libpebble.a(tmpHZgwt9pebble_os.o)
 .text.animation_set_curve
                0x00000000        0xc /home/benjamin/pebble-dev/Projects/GPS_Coords_PasMoche/lib/libpebble.a(tmpHZgwt9pebble_os.o)
 .text.animation_set_handlers
                0x00000000        0xc /home/benjamin/pebble-dev/Projects/GPS_Coords_PasMoche/lib/libpebble.a(tmpHZgwt9pebble_os.o)
 .text.animation_set_implementation
                0x00000000        0xc /home/benjamin/pebble-dev/Projects/GPS_Coords_PasMoche/lib/libpebble.a(tmpHZgwt9pebble_os.o)
 .text.animation_get_context
                0x00000000        0xc /home/benjamin/pebble-dev/Projects/GPS_Coords_PasMoche/lib/libpebble.a(tmpHZgwt9pebble_os.o)
 .text.animation_schedule
                0x00000000        0xc /home/benjamin/pebble-dev/Projects/GPS_Coords_PasMoche/lib/libpebble.a(tmpHZgwt9pebble_os.o)
 .text.animation_unschedule
                0x00000000        0xc /home/benjamin/pebble-dev/Projects/GPS_Coords_PasMoche/lib/libpebble.a(tmpHZgwt9pebble_os.o)
 .text.animation_unschedule_all
                0x00000000        0xc /home/benjamin/pebble-dev/Projects/GPS_Coords_PasMoche/lib/libpebble.a(tmpHZgwt9pebble_os.o)
 .text.animation_is_scheduled
                0x00000000        0xc /home/benjamin/pebble-dev/Projects/GPS_Coords_PasMoche/lib/libpebble.a(tmpHZgwt9pebble_os.o)
 .text.app_timer_send_event
                0x00000000        0xc /home/benjamin/pebble-dev/Projects/GPS_Coords_PasMoche/lib/libpebble.a(tmpHZgwt9pebble_os.o)
 .text.app_timer_cancel_event
                0x00000000        0xc /home/benjamin/pebble-dev/Projects/GPS_Coords_PasMoche/lib/libpebble.a(tmpHZgwt9pebble_os.o)
 .text.bmp_init_container
                0x00000000        0xc /home/benjamin/pebble-dev/Projects/GPS_Coords_PasMoche/lib/libpebble.a(tmpHZgwt9pebble_os.o)
 .text.bmp_deinit_container
                0x00000000        0xc /home/benjamin/pebble-dev/Projects/GPS_Coords_PasMoche/lib/libpebble.a(tmpHZgwt9pebble_os.o)
 .text.cos_lookup
                0x00000000        0xc /home/benjamin/pebble-dev/Projects/GPS_Coords_PasMoche/lib/libpebble.a(tmpHZgwt9pebble_os.o)
 .text.fonts_load_custom_font
                0x00000000        0xc /home/benjamin/pebble-dev/Projects/GPS_Coords_PasMoche/lib/libpebble.a(tmpHZgwt9pebble_os.o)
 .text.fonts_unload_custom_font
                0x00000000        0xc /home/benjamin/pebble-dev/Projects/GPS_Coords_PasMoche/lib/libpebble.a(tmpHZgwt9pebble_os.o)
 .text.graphics_context_set_stroke_color
                0x00000000        0xc /home/benjamin/pebble-dev/Projects/GPS_Coords_PasMoche/lib/libpebble.a(tmpHZgwt9pebble_os.o)
 .text.graphics_context_set_fill_color
                0x00000000        0xc /home/benjamin/pebble-dev/Projects/GPS_Coords_PasMoche/lib/libpebble.a(tmpHZgwt9pebble_os.o)
 .text.graphics_context_set_text_color
                0x00000000        0xc /home/benjamin/pebble-dev/Projects/GPS_Coords_PasMoche/lib/libpebble.a(tmpHZgwt9pebble_os.o)
 .text.graphics_context_set_compositing_mode
                0x00000000        0xc /home/benjamin/pebble-dev/Projects/GPS_Coords_PasMoche/lib/libpebble.a(tmpHZgwt9pebble_os.o)
 .text.graphics_draw_pixel
                0x00000000        0xc /home/benjamin/pebble-dev/Projects/GPS_Coords_PasMoche/lib/libpebble.a(tmpHZgwt9pebble_os.o)
 .text.graphics_draw_line
                0x00000000        0xc /home/benjamin/pebble-dev/Projects/GPS_Coords_PasMoche/lib/libpebble.a(tmpHZgwt9pebble_os.o)
 .text.graphics_fill_rect
                0x00000000        0xc /home/benjamin/pebble-dev/Projects/GPS_Coords_PasMoche/lib/libpebble.a(tmpHZgwt9pebble_os.o)
 .text.graphics_draw_circle
                0x00000000        0xc /home/benjamin/pebble-dev/Projects/GPS_Coords_PasMoche/lib/libpebble.a(tmpHZgwt9pebble_os.o)
 .text.graphics_fill_circle
                0x00000000        0xc /home/benjamin/pebble-dev/Projects/GPS_Coords_PasMoche/lib/libpebble.a(tmpHZgwt9pebble_os.o)
 .text.graphics_draw_round_rect
                0x00000000        0xc /home/benjamin/pebble-dev/Projects/GPS_Coords_PasMoche/lib/libpebble.a(tmpHZgwt9pebble_os.o)
 .text.get_time
                0x00000000        0xc /home/benjamin/pebble-dev/Projects/GPS_Coords_PasMoche/lib/libpebble.a(tmpHZgwt9pebble_os.o)
 .text.gpath_init
                0x00000000        0xc /home/benjamin/pebble-dev/Projects/GPS_Coords_PasMoche/lib/libpebble.a(tmpHZgwt9pebble_os.o)
 .text.gpath_move_to
                0x00000000        0xc /home/benjamin/pebble-dev/Projects/GPS_Coords_PasMoche/lib/libpebble.a(tmpHZgwt9pebble_os.o)
 .text.gpath_rotate_to
                0x00000000        0xc /home/benjamin/pebble-dev/Projects/GPS_Coords_PasMoche/lib/libpebble.a(tmpHZgwt9pebble_os.o)
 .text.gpath_draw_outline
                0x00000000        0xc /home/benjamin/pebble-dev/Projects/GPS_Coords_PasMoche/lib/libpebble.a(tmpHZgwt9pebble_os.o)
 .text.gpath_draw_filled
                0x00000000        0xc /home/benjamin/pebble-dev/Projects/GPS_Coords_PasMoche/lib/libpebble.a(tmpHZgwt9pebble_os.o)
 .text.grect_center_point
                0x00000000        0xc /home/benjamin/pebble-dev/Projects/GPS_Coords_PasMoche/lib/libpebble.a(tmpHZgwt9pebble_os.o)
 .text.layer_mark_dirty
                0x00000000        0xc /home/benjamin/pebble-dev/Projects/GPS_Coords_PasMoche/lib/libpebble.a(tmpHZgwt9pebble_os.o)
 .text.layer_remove_from_parent
                0x00000000        0xc /home/benjamin/pebble-dev/Projects/GPS_Coords_PasMoche/lib/libpebble.a(tmpHZgwt9pebble_os.o)
 .text.layer_get_frame
                0x00000000        0xc /home/benjamin/pebble-dev/Projects/GPS_Coords_PasMoche/lib/libpebble.a(tmpHZgwt9pebble_os.o)
 .text.layer_set_frame
                0x00000000        0xc /home/benjamin/pebble-dev/Projects/GPS_Coords_PasMoche/lib/libpebble.a(tmpHZgwt9pebble_os.o)
 .text.layer_set_hidden
                0x00000000        0xc /home/benjamin/pebble-dev/Projects/GPS_Coords_PasMoche/lib/libpebble.a(tmpHZgwt9pebble_os.o)
 .text.layer_init
                0x00000000        0xc /home/benjamin/pebble-dev/Projects/GPS_Coords_PasMoche/lib/libpebble.a(tmpHZgwt9pebble_os.o)
 .text.light_enable
                0x00000000        0xc /home/benjamin/pebble-dev/Projects/GPS_Coords_PasMoche/lib/libpebble.a(tmpHZgwt9pebble_os.o)
 .text.light_enable_interaction
                0x00000000        0xc /home/benjamin/pebble-dev/Projects/GPS_Coords_PasMoche/lib/libpebble.a(tmpHZgwt9pebble_os.o)
 .text.psleep   0x00000000        0xc /home/benjamin/pebble-dev/Projects/GPS_Coords_PasMoche/lib/libpebble.a(tmpHZgwt9pebble_os.o)
 .text.resource_init_current_app
                0x00000000        0xc /home/benjamin/pebble-dev/Projects/GPS_Coords_PasMoche/lib/libpebble.a(tmpHZgwt9pebble_os.o)
 .text.resource_get_handle
                0x00000000        0xc /home/benjamin/pebble-dev/Projects/GPS_Coords_PasMoche/lib/libpebble.a(tmpHZgwt9pebble_os.o)
 .text.resource_load
                0x00000000        0xc /home/benjamin/pebble-dev/Projects/GPS_Coords_PasMoche/lib/libpebble.a(tmpHZgwt9pebble_os.o)
 .text.resource_load_byte_range
                0x00000000        0xc /home/benjamin/pebble-dev/Projects/GPS_Coords_PasMoche/lib/libpebble.a(tmpHZgwt9pebble_os.o)
 .text.resource_size
                0x00000000        0xc /home/benjamin/pebble-dev/Projects/GPS_Coords_PasMoche/lib/libpebble.a(tmpHZgwt9pebble_os.o)
 .text.rotbmp_deinit_container
                0x00000000        0xc /home/benjamin/pebble-dev/Projects/GPS_Coords_PasMoche/lib/libpebble.a(tmpHZgwt9pebble_os.o)
 .text.rotbmp_init_container
                0x00000000        0xc /home/benjamin/pebble-dev/Projects/GPS_Coords_PasMoche/lib/libpebble.a(tmpHZgwt9pebble_os.o)
 .text.rotbmp_pair_deinit_container
                0x00000000        0xc /home/benjamin/pebble-dev/Projects/GPS_Coords_PasMoche/lib/libpebble.a(tmpHZgwt9pebble_os.o)
 .text.rotbmp_pair_init_container
                0x00000000        0xc /home/benjamin/pebble-dev/Projects/GPS_Coords_PasMoche/lib/libpebble.a(tmpHZgwt9pebble_os.o)
 .text.rotbmp_pair_layer_set_src_ic
                0x00000000        0xc /home/benjamin/pebble-dev/Projects/GPS_Coords_PasMoche/lib/libpebble.a(tmpHZgwt9pebble_os.o)
 .text.rotbmp_pair_layer_set_angle
                0x00000000        0xc /home/benjamin/pebble-dev/Projects/GPS_Coords_PasMoche/lib/libpebble.a(tmpHZgwt9pebble_os.o)
 .text.window_set_background_color
                0x00000000        0xc /home/benjamin/pebble-dev/Projects/GPS_Coords_PasMoche/lib/libpebble.a(tmpHZgwt9pebble_os.o)
 .text.window_render
                0x00000000        0xc /home/benjamin/pebble-dev/Projects/GPS_Coords_PasMoche/lib/libpebble.a(tmpHZgwt9pebble_os.o)
 .text.window_set_fullscreen
                0x00000000        0xc /home/benjamin/pebble-dev/Projects/GPS_Coords_PasMoche/lib/libpebble.a(tmpHZgwt9pebble_os.o)
 .text.sin_lookup
                0x00000000        0xc /home/benjamin/pebble-dev/Projects/GPS_Coords_PasMoche/lib/libpebble.a(tmpHZgwt9pebble_os.o)
 .text.string_format_time
                0x00000000        0xc /home/benjamin/pebble-dev/Projects/GPS_Coords_PasMoche/lib/libpebble.a(tmpHZgwt9pebble_os.o)
 .text.text_layer_get_text
                0x00000000        0xc /home/benjamin/pebble-dev/Projects/GPS_Coords_PasMoche/lib/libpebble.a(tmpHZgwt9pebble_os.o)
 .text.text_layer_set_text_color
                0x00000000        0xc /home/benjamin/pebble-dev/Projects/GPS_Coords_PasMoche/lib/libpebble.a(tmpHZgwt9pebble_os.o)
 .text.text_layer_set_background_color
                0x00000000        0xc /home/benjamin/pebble-dev/Projects/GPS_Coords_PasMoche/lib/libpebble.a(tmpHZgwt9pebble_os.o)
 .text.vibes_double_pulse
                0x00000000        0xc /home/benjamin/pebble-dev/Projects/GPS_Coords_PasMoche/lib/libpebble.a(tmpHZgwt9pebble_os.o)
 .text.vibes_enqueue_custom_pattern
                0x00000000        0xc /home/benjamin/pebble-dev/Projects/GPS_Coords_PasMoche/lib/libpebble.a(tmpHZgwt9pebble_os.o)
 .text.vibes_long_pulse
                0x00000000        0xc /home/benjamin/pebble-dev/Projects/GPS_Coords_PasMoche/lib/libpebble.a(tmpHZgwt9pebble_os.o)
 .text.vibes_short_pulse
                0x00000000        0xc /home/benjamin/pebble-dev/Projects/GPS_Coords_PasMoche/lib/libpebble.a(tmpHZgwt9pebble_os.o)
 .text.app_get_current_graphics_context
                0x00000000        0xc /home/benjamin/pebble-dev/Projects/GPS_Coords_PasMoche/lib/libpebble.a(tmpHZgwt9pebble_os.o)
 .text.clock_is_24h_style
                0x00000000        0xc /home/benjamin/pebble-dev/Projects/GPS_Coords_PasMoche/lib/libpebble.a(tmpHZgwt9pebble_os.o)
 .text.property_animation_init_layer_frame
                0x00000000        0xc /home/benjamin/pebble-dev/Projects/GPS_Coords_PasMoche/lib/libpebble.a(tmpHZgwt9pebble_os.o)
 .text.text_layer_set_text_alignment
                0x00000000        0xc /home/benjamin/pebble-dev/Projects/GPS_Coords_PasMoche/lib/libpebble.a(tmpHZgwt9pebble_os.o)
 .text.graphics_draw_bitmap_in_rect
                0x00000000        0xc /home/benjamin/pebble-dev/Projects/GPS_Coords_PasMoche/lib/libpebble.a(tmpHZgwt9pebble_os.o)
 .text.graphics_text_draw
                0x00000000        0xc /home/benjamin/pebble-dev/Projects/GPS_Coords_PasMoche/lib/libpebble.a(tmpHZgwt9pebble_os.o)
 .text.layer_set_bounds
                0x00000000        0xc /home/benjamin/pebble-dev/Projects/GPS_Coords_PasMoche/lib/libpebble.a(tmpHZgwt9pebble_os.o)
 .text.layer_get_bounds
                0x00000000        0xc /home/benjamin/pebble-dev/Projects/GPS_Coords_PasMoche/lib/libpebble.a(tmpHZgwt9pebble_os.o)
 .text.layer_set_update_proc
                0x00000000        0xc /home/benjamin/pebble-dev/Projects/GPS_Coords_PasMoche/lib/libpebble.a(tmpHZgwt9pebble_os.o)
 .text.layer_get_window
                0x00000000        0xc /home/benjamin/pebble-dev/Projects/GPS_Coords_PasMoche/lib/libpebble.a(tmpHZgwt9pebble_os.o)
 .text.layer_remove_child_layers
                0x00000000        0xc /home/benjamin/pebble-dev/Projects/GPS_Coords_PasMoche/lib/libpebble.a(tmpHZgwt9pebble_os.o)
 .text.layer_insert_below_sibling
                0x00000000        0xc /home/benjamin/pebble-dev/Projects/GPS_Coords_PasMoche/lib/libpebble.a(tmpHZgwt9pebble_os.o)
 .text.layer_insert_above_sibling
                0x00000000        0xc /home/benjamin/pebble-dev/Projects/GPS_Coords_PasMoche/lib/libpebble.a(tmpHZgwt9pebble_os.o)
 .text.layer_get_hidden
                0x00000000        0xc /home/benjamin/pebble-dev/Projects/GPS_Coords_PasMoche/lib/libpebble.a(tmpHZgwt9pebble_os.o)
 .text.layer_set_clips
                0x00000000        0xc /home/benjamin/pebble-dev/Projects/GPS_Coords_PasMoche/lib/libpebble.a(tmpHZgwt9pebble_os.o)
 .text.layer_get_clips
                0x00000000        0xc /home/benjamin/pebble-dev/Projects/GPS_Coords_PasMoche/lib/libpebble.a(tmpHZgwt9pebble_os.o)
 .text.text_layer_get_max_used_size
                0x00000000        0xc /home/benjamin/pebble-dev/Projects/GPS_Coords_PasMoche/lib/libpebble.a(tmpHZgwt9pebble_os.o)
 .text.text_layer_set_size
                0x00000000        0xc /home/benjamin/pebble-dev/Projects/GPS_Coords_PasMoche/lib/libpebble.a(tmpHZgwt9pebble_os.o)
 .text.text_layer_set_overflow_mode
                0x00000000        0xc /home/benjamin/pebble-dev/Projects/GPS_Coords_PasMoche/lib/libpebble.a(tmpHZgwt9pebble_os.o)
 .text.graphics_text_layout_get_max_used_size
                0x00000000        0xc /home/benjamin/pebble-dev/Projects/GPS_Coords_PasMoche/lib/libpebble.a(tmpHZgwt9pebble_os.o)
 .text.inverter_layer_init
                0x00000000        0xc /home/benjamin/pebble-dev/Projects/GPS_Coords_PasMoche/lib/libpebble.a(tmpHZgwt9pebble_os.o)
 .text.bitmap_layer_init
                0x00000000        0xc /home/benjamin/pebble-dev/Projects/GPS_Coords_PasMoche/lib/libpebble.a(tmpHZgwt9pebble_os.o)
 .text.bitmap_layer_set_bitmap
                0x00000000        0xc /home/benjamin/pebble-dev/Projects/GPS_Coords_PasMoche/lib/libpebble.a(tmpHZgwt9pebble_os.o)
 .text.bitmap_layer_set_alignment
                0x00000000        0xc /home/benjamin/pebble-dev/Projects/GPS_Coords_PasMoche/lib/libpebble.a(tmpHZgwt9pebble_os.o)
 .text.bitmap_layer_set_background_color
                0x00000000        0xc /home/benjamin/pebble-dev/Projects/GPS_Coords_PasMoche/lib/libpebble.a(tmpHZgwt9pebble_os.o)
 .text.bitmap_layer_set_compositing_mode
                0x00000000        0xc /home/benjamin/pebble-dev/Projects/GPS_Coords_PasMoche/lib/libpebble.a(tmpHZgwt9pebble_os.o)
 .text.heap_bitmap_init
                0x00000000        0xc /home/benjamin/pebble-dev/Projects/GPS_Coords_PasMoche/lib/libpebble.a(tmpHZgwt9pebble_os.o)
 .text.heap_bitmap_deinit
                0x00000000        0xc /home/benjamin/pebble-dev/Projects/GPS_Coords_PasMoche/lib/libpebble.a(tmpHZgwt9pebble_os.o)
 .text.click_recognizer_get_button_id
                0x00000000        0xc /home/benjamin/pebble-dev/Projects/GPS_Coords_PasMoche/lib/libpebble.a(tmpHZgwt9pebble_os.o)
 .text.click_number_of_clicks_counted
                0x00000000        0xc /home/benjamin/pebble-dev/Projects/GPS_Coords_PasMoche/lib/libpebble.a(tmpHZgwt9pebble_os.o)
 .text.menu_cell_basic_draw
                0x00000000        0xc /home/benjamin/pebble-dev/Projects/GPS_Coords_PasMoche/lib/libpebble.a(tmpHZgwt9pebble_os.o)
 .text.menu_cell_title_draw
                0x00000000        0xc /home/benjamin/pebble-dev/Projects/GPS_Coords_PasMoche/lib/libpebble.a(tmpHZgwt9pebble_os.o)
 .text.menu_cell_basic_header_draw
                0x00000000        0xc /home/benjamin/pebble-dev/Projects/GPS_Coords_PasMoche/lib/libpebble.a(tmpHZgwt9pebble_os.o)
 .text.menu_layer_init
                0x00000000        0xc /home/benjamin/pebble-dev/Projects/GPS_Coords_PasMoche/lib/libpebble.a(tmpHZgwt9pebble_os.o)
 .text.menu_layer_get_layer
                0x00000000        0xc /home/benjamin/pebble-dev/Projects/GPS_Coords_PasMoche/lib/libpebble.a(tmpHZgwt9pebble_os.o)
 .text.menu_layer_set_callbacks
                0x00000000        0xc /home/benjamin/pebble-dev/Projects/GPS_Coords_PasMoche/lib/libpebble.a(tmpHZgwt9pebble_os.o)
 .text.menu_layer_set_click_config_onto_window
                0x00000000        0xc /home/benjamin/pebble-dev/Projects/GPS_Coords_PasMoche/lib/libpebble.a(tmpHZgwt9pebble_os.o)
 .text.menu_layer_set_selected_next
                0x00000000        0xc /home/benjamin/pebble-dev/Projects/GPS_Coords_PasMoche/lib/libpebble.a(tmpHZgwt9pebble_os.o)
 .text.menu_layer_set_selected_index
                0x00000000        0xc /home/benjamin/pebble-dev/Projects/GPS_Coords_PasMoche/lib/libpebble.a(tmpHZgwt9pebble_os.o)
 .text.menu_layer_reload_data
                0x00000000        0xc /home/benjamin/pebble-dev/Projects/GPS_Coords_PasMoche/lib/libpebble.a(tmpHZgwt9pebble_os.o)
 .text.menu_index_compare
                0x00000000        0xc /home/benjamin/pebble-dev/Projects/GPS_Coords_PasMoche/lib/libpebble.a(tmpHZgwt9pebble_os.o)
 .text.scroll_layer_init
                0x00000000        0xc /home/benjamin/pebble-dev/Projects/GPS_Coords_PasMoche/lib/libpebble.a(tmpHZgwt9pebble_os.o)
 .text.scroll_layer_add_child
                0x00000000        0xc /home/benjamin/pebble-dev/Projects/GPS_Coords_PasMoche/lib/libpebble.a(tmpHZgwt9pebble_os.o)
 .text.scroll_layer_set_click_config_onto_window
                0x00000000        0xc /home/benjamin/pebble-dev/Projects/GPS_Coords_PasMoche/lib/libpebble.a(tmpHZgwt9pebble_os.o)
 .text.scroll_layer_set_callbacks
                0x00000000        0xc /home/benjamin/pebble-dev/Projects/GPS_Coords_PasMoche/lib/libpebble.a(tmpHZgwt9pebble_os.o)
 .text.scroll_layer_set_context
                0x00000000        0xc /home/benjamin/pebble-dev/Projects/GPS_Coords_PasMoche/lib/libpebble.a(tmpHZgwt9pebble_os.o)
 .text.scroll_layer_set_content_offset
                0x00000000        0xc /home/benjamin/pebble-dev/Projects/GPS_Coords_PasMoche/lib/libpebble.a(tmpHZgwt9pebble_os.o)
 .text.scroll_layer_get_content_offset
                0x00000000        0xc /home/benjamin/pebble-dev/Projects/GPS_Coords_PasMoche/lib/libpebble.a(tmpHZgwt9pebble_os.o)
 .text.scroll_layer_set_content_size
                0x00000000        0xc /home/benjamin/pebble-dev/Projects/GPS_Coords_PasMoche/lib/libpebble.a(tmpHZgwt9pebble_os.o)
 .text.scroll_layer_get_content_size
                0x00000000        0xc /home/benjamin/pebble-dev/Projects/GPS_Coords_PasMoche/lib/libpebble.a(tmpHZgwt9pebble_os.o)
 .text.scroll_layer_set_frame
                0x00000000        0xc /home/benjamin/pebble-dev/Projects/GPS_Coords_PasMoche/lib/libpebble.a(tmpHZgwt9pebble_os.o)
 .text.scroll_layer_scroll_up_click_handler
                0x00000000        0xc /home/benjamin/pebble-dev/Projects/GPS_Coords_PasMoche/lib/libpebble.a(tmpHZgwt9pebble_os.o)
 .text.scroll_layer_scroll_down_click_handler
                0x00000000        0xc /home/benjamin/pebble-dev/Projects/GPS_Coords_PasMoche/lib/libpebble.a(tmpHZgwt9pebble_os.o)
 .text.simple_menu_layer_init
                0x00000000        0xc /home/benjamin/pebble-dev/Projects/GPS_Coords_PasMoche/lib/libpebble.a(tmpHZgwt9pebble_os.o)
 .text.simple_menu_layer_get_layer
                0x00000000        0xc /home/benjamin/pebble-dev/Projects/GPS_Coords_PasMoche/lib/libpebble.a(tmpHZgwt9pebble_os.o)
 .text.simple_menu_layer_get_selected_index
                0x00000000        0xc /home/benjamin/pebble-dev/Projects/GPS_Coords_PasMoche/lib/libpebble.a(tmpHZgwt9pebble_os.o)
 .text.simple_menu_layer_set_selected_index
                0x00000000        0xc /home/benjamin/pebble-dev/Projects/GPS_Coords_PasMoche/lib/libpebble.a(tmpHZgwt9pebble_os.o)
 .text.window_deinit
                0x00000000        0xc /home/benjamin/pebble-dev/Projects/GPS_Coords_PasMoche/lib/libpebble.a(tmpHZgwt9pebble_os.o)
 .text.window_set_click_config_provider_with_context
                0x00000000        0xc /home/benjamin/pebble-dev/Projects/GPS_Coords_PasMoche/lib/libpebble.a(tmpHZgwt9pebble_os.o)
 .text.window_get_click_config_provider
                0x00000000        0xc /home/benjamin/pebble-dev/Projects/GPS_Coords_PasMoche/lib/libpebble.a(tmpHZgwt9pebble_os.o)
 .text.window_set_window_handlers
                0x00000000        0xc /home/benjamin/pebble-dev/Projects/GPS_Coords_PasMoche/lib/libpebble.a(tmpHZgwt9pebble_os.o)
 .text.window_get_root_layer
                0x00000000        0xc /home/benjamin/pebble-dev/Projects/GPS_Coords_PasMoche/lib/libpebble.a(tmpHZgwt9pebble_os.o)
 .text.window_get_fullscreen
                0x00000000        0xc /home/benjamin/pebble-dev/Projects/GPS_Coords_PasMoche/lib/libpebble.a(tmpHZgwt9pebble_os.o)
 .text.window_set_status_bar_icon
                0x00000000        0xc /home/benjamin/pebble-dev/Projects/GPS_Coords_PasMoche/lib/libpebble.a(tmpHZgwt9pebble_os.o)
 .text.window_is_loaded
                0x00000000        0xc /home/benjamin/pebble-dev/Projects/GPS_Coords_PasMoche/lib/libpebble.a(tmpHZgwt9pebble_os.o)
 .text.window_stack_pop
                0x00000000        0xc /home/benjamin/pebble-dev/Projects/GPS_Coords_PasMoche/lib/libpebble.a(tmpHZgwt9pebble_os.o)
 .text.window_stack_pop_all
                0x00000000        0xc /home/benjamin/pebble-dev/Projects/GPS_Coords_PasMoche/lib/libpebble.a(tmpHZgwt9pebble_os.o)
 .text.window_stack_contains_window
                0x00000000        0xc /home/benjamin/pebble-dev/Projects/GPS_Coords_PasMoche/lib/libpebble.a(tmpHZgwt9pebble_os.o)
 .text.window_stack_get_top_window
                0x00000000        0xc /home/benjamin/pebble-dev/Projects/GPS_Coords_PasMoche/lib/libpebble.a(tmpHZgwt9pebble_os.o)
 .text.window_stack_remove
                0x00000000        0xc /home/benjamin/pebble-dev/Projects/GPS_Coords_PasMoche/lib/libpebble.a(tmpHZgwt9pebble_os.o)
 .text.property_animation_init
                0x00000000        0xc /home/benjamin/pebble-dev/Projects/GPS_Coords_PasMoche/lib/libpebble.a(tmpHZgwt9pebble_os.o)
 .text.property_animation_update_int16
                0x00000000        0xc /home/benjamin/pebble-dev/Projects/GPS_Coords_PasMoche/lib/libpebble.a(tmpHZgwt9pebble_os.o)
 .text.property_animation_update_gpoint
                0x00000000        0xc /home/benjamin/pebble-dev/Projects/GPS_Coords_PasMoche/lib/libpebble.a(tmpHZgwt9pebble_os.o)
 .text.property_animation_update_grect
                0x00000000        0xc /home/benjamin/pebble-dev/Projects/GPS_Coords_PasMoche/lib/libpebble.a(tmpHZgwt9pebble_os.o)
 .text.app_sync_init
                0x00000000        0xc /home/benjamin/pebble-dev/Projects/GPS_Coords_PasMoche/lib/libpebble.a(tmpHZgwt9pebble_os.o)
 .text.app_sync_deinit
                0x00000000        0xc /home/benjamin/pebble-dev/Projects/GPS_Coords_PasMoche/lib/libpebble.a(tmpHZgwt9pebble_os.o)
 .text.app_sync_set
                0x00000000        0xc /home/benjamin/pebble-dev/Projects/GPS_Coords_PasMoche/lib/libpebble.a(tmpHZgwt9pebble_os.o)
 .text.app_sync_get
                0x00000000        0xc /home/benjamin/pebble-dev/Projects/GPS_Coords_PasMoche/lib/libpebble.a(tmpHZgwt9pebble_os.o)
 .text.dict_calc_buffer_size
                0x00000000        0xc /home/benjamin/pebble-dev/Projects/GPS_Coords_PasMoche/lib/libpebble.a(tmpHZgwt9pebble_os.o)
 .text.dict_write_begin
                0x00000000        0xc /home/benjamin/pebble-dev/Projects/GPS_Coords_PasMoche/lib/libpebble.a(tmpHZgwt9pebble_os.o)
 .text.dict_write_data
                0x00000000        0xc /home/benjamin/pebble-dev/Projects/GPS_Coords_PasMoche/lib/libpebble.a(tmpHZgwt9pebble_os.o)
 .text.dict_write_cstring
                0x00000000        0xc /home/benjamin/pebble-dev/Projects/GPS_Coords_PasMoche/lib/libpebble.a(tmpHZgwt9pebble_os.o)
 .text.dict_write_int
                0x00000000        0xc /home/benjamin/pebble-dev/Projects/GPS_Coords_PasMoche/lib/libpebble.a(tmpHZgwt9pebble_os.o)
 .text.dict_write_uint16
                0x00000000        0xc /home/benjamin/pebble-dev/Projects/GPS_Coords_PasMoche/lib/libpebble.a(tmpHZgwt9pebble_os.o)
 .text.dict_write_uint32
                0x00000000        0xc /home/benjamin/pebble-dev/Projects/GPS_Coords_PasMoche/lib/libpebble.a(tmpHZgwt9pebble_os.o)
 .text.dict_write_int8
                0x00000000        0xc /home/benjamin/pebble-dev/Projects/GPS_Coords_PasMoche/lib/libpebble.a(tmpHZgwt9pebble_os.o)
 .text.dict_write_int16
                0x00000000        0xc /home/benjamin/pebble-dev/Projects/GPS_Coords_PasMoche/lib/libpebble.a(tmpHZgwt9pebble_os.o)
 .text.dict_write_int32
                0x00000000        0xc /home/benjamin/pebble-dev/Projects/GPS_Coords_PasMoche/lib/libpebble.a(tmpHZgwt9pebble_os.o)
 .text.dict_write_end
                0x00000000        0xc /home/benjamin/pebble-dev/Projects/GPS_Coords_PasMoche/lib/libpebble.a(tmpHZgwt9pebble_os.o)
 .text.dict_read_begin_from_buffer
                0x00000000        0xc /home/benjamin/pebble-dev/Projects/GPS_Coords_PasMoche/lib/libpebble.a(tmpHZgwt9pebble_os.o)
 .text.dict_serialize_tuplets
                0x00000000        0xc /home/benjamin/pebble-dev/Projects/GPS_Coords_PasMoche/lib/libpebble.a(tmpHZgwt9pebble_os.o)
 .text.dict_serialize_tuplets_to_buffer
                0x00000000        0xc /home/benjamin/pebble-dev/Projects/GPS_Coords_PasMoche/lib/libpebble.a(tmpHZgwt9pebble_os.o)
 .text.dict_serialize_tuplets_to_buffer_with_iter
                0x00000000        0xc /home/benjamin/pebble-dev/Projects/GPS_Coords_PasMoche/lib/libpebble.a(tmpHZgwt9pebble_os.o)
 .text.dict_write_tuplet
                0x00000000        0xc /home/benjamin/pebble-dev/Projects/GPS_Coords_PasMoche/lib/libpebble.a(tmpHZgwt9pebble_os.o)
 .text.dict_calc_buffer_size_from_tuplets
                0x00000000        0xc /home/benjamin/pebble-dev/Projects/GPS_Coords_PasMoche/lib/libpebble.a(tmpHZgwt9pebble_os.o)
 .text.dict_merge
                0x00000000        0xc /home/benjamin/pebble-dev/Projects/GPS_Coords_PasMoche/lib/libpebble.a(tmpHZgwt9pebble_os.o)
 .text.action_bar_layer_init
                0x00000000        0xc /home/benjamin/pebble-dev/Projects/GPS_Coords_PasMoche/lib/libpebble.a(tmpHZgwt9pebble_os.o)
 .text.action_bar_layer_set_context
                0x00000000        0xc /home/benjamin/pebble-dev/Projects/GPS_Coords_PasMoche/lib/libpebble.a(tmpHZgwt9pebble_os.o)
 .text.action_bar_layer_set_click_config_provider
                0x00000000        0xc /home/benjamin/pebble-dev/Projects/GPS_Coords_PasMoche/lib/libpebble.a(tmpHZgwt9pebble_os.o)
 .text.action_bar_layer_set_icon
                0x00000000        0xc /home/benjamin/pebble-dev/Projects/GPS_Coords_PasMoche/lib/libpebble.a(tmpHZgwt9pebble_os.o)
 .text.action_bar_layer_clear_icon
                0x00000000        0xc /home/benjamin/pebble-dev/Projects/GPS_Coords_PasMoche/lib/libpebble.a(tmpHZgwt9pebble_os.o)
 .text.action_bar_layer_add_to_window
                0x00000000        0xc /home/benjamin/pebble-dev/Projects/GPS_Coords_PasMoche/lib/libpebble.a(tmpHZgwt9pebble_os.o)
 .text.action_bar_layer_remove_from_window
                0x00000000        0xc /home/benjamin/pebble-dev/Projects/GPS_Coords_PasMoche/lib/libpebble.a(tmpHZgwt9pebble_os.o)
 .text.action_bar_layer_set_background_color
                0x00000000        0xc /home/benjamin/pebble-dev/Projects/GPS_Coords_PasMoche/lib/libpebble.a(tmpHZgwt9pebble_os.o)
 .text.number_window_init
                0x00000000        0xc /home/benjamin/pebble-dev/Projects/GPS_Coords_PasMoche/lib/libpebble.a(tmpHZgwt9pebble_os.o)
 .text.number_window_set_label
                0x00000000        0xc /home/benjamin/pebble-dev/Projects/GPS_Coords_PasMoche/lib/libpebble.a(tmpHZgwt9pebble_os.o)
 .text.number_window_set_max
                0x00000000        0xc /home/benjamin/pebble-dev/Projects/GPS_Coords_PasMoche/lib/libpebble.a(tmpHZgwt9pebble_os.o)
 .text.number_window_set_min
                0x00000000        0xc /home/benjamin/pebble-dev/Projects/GPS_Coords_PasMoche/lib/libpebble.a(tmpHZgwt9pebble_os.o)
 .text.number_window_set_value
                0x00000000        0xc /home/benjamin/pebble-dev/Projects/GPS_Coords_PasMoche/lib/libpebble.a(tmpHZgwt9pebble_os.o)
 .text.number_window_set_step_size
                0x00000000        0xc /home/benjamin/pebble-dev/Projects/GPS_Coords_PasMoche/lib/libpebble.a(tmpHZgwt9pebble_os.o)
 .text.number_window_get_value
                0x00000000        0xc /home/benjamin/pebble-dev/Projects/GPS_Coords_PasMoche/lib/libpebble.a(tmpHZgwt9pebble_os.o)
 .text.clock_copy_time_string
                0x00000000        0xc /home/benjamin/pebble-dev/Projects/GPS_Coords_PasMoche/lib/libpebble.a(tmpHZgwt9pebble_os.o)
 .text.gbitmap_init_as_sub_bitmap
                0x00000000        0xc /home/benjamin/pebble-dev/Projects/GPS_Coords_PasMoche/lib/libpebble.a(tmpHZgwt9pebble_os.o)
 .text.gbitmap_init_with_data
                0x00000000        0xc /home/benjamin/pebble-dev/Projects/GPS_Coords_PasMoche/lib/libpebble.a(tmpHZgwt9pebble_os.o)
 .text.app_comm_set_sniff_interval
                0x00000000        0xc /home/benjamin/pebble-dev/Projects/GPS_Coords_PasMoche/lib/libpebble.a(tmpHZgwt9pebble_os.o)
 .text.app_log  0x00000000        0xc /home/benjamin/pebble-dev/Projects/GPS_Coords_PasMoche/lib/libpebble.a(tmpHZgwt9pebble_os.o)
 .text.graphics_draw_rect
                0x00000000        0xc /home/benjamin/pebble-dev/Projects/GPS_Coords_PasMoche/lib/libpebble.a(tmpHZgwt9pebble_os.o)
 .text.vibes_cancel
                0x00000000        0xc /home/benjamin/pebble-dev/Projects/GPS_Coords_PasMoche/lib/libpebble.a(tmpHZgwt9pebble_os.o)
 .text.menu_layer_get_selected_index
                0x00000000        0xc /home/benjamin/pebble-dev/Projects/GPS_Coords_PasMoche/lib/libpebble.a(tmpHZgwt9pebble_os.o)
 .text.gpoint_equal
                0x00000000        0xc /home/benjamin/pebble-dev/Projects/GPS_Coords_PasMoche/lib/libpebble.a(tmpHZgwt9pebble_os.o)
 .text.grect_contains_point
                0x00000000        0xc /home/benjamin/pebble-dev/Projects/GPS_Coords_PasMoche/lib/libpebble.a(tmpHZgwt9pebble_os.o)
 .text.grect_align
                0x00000000        0xc /home/benjamin/pebble-dev/Projects/GPS_Coords_PasMoche/lib/libpebble.a(tmpHZgwt9pebble_os.o)
 .text.grect_clip
                0x00000000        0xc /home/benjamin/pebble-dev/Projects/GPS_Coords_PasMoche/lib/libpebble.a(tmpHZgwt9pebble_os.o)
 .text.grect_crop
                0x00000000        0xc /home/benjamin/pebble-dev/Projects/GPS_Coords_PasMoche/lib/libpebble.a(tmpHZgwt9pebble_os.o)
 .text.grect_equal
                0x00000000        0xc /home/benjamin/pebble-dev/Projects/GPS_Coords_PasMoche/lib/libpebble.a(tmpHZgwt9pebble_os.o)
 .text.grect_is_empty
                0x00000000        0xc /home/benjamin/pebble-dev/Projects/GPS_Coords_PasMoche/lib/libpebble.a(tmpHZgwt9pebble_os.o)
 .text.grect_standardize
                0x00000000        0xc /home/benjamin/pebble-dev/Projects/GPS_Coords_PasMoche/lib/libpebble.a(tmpHZgwt9pebble_os.o)
 .text.gsize_equal
                0x00000000        0xc /home/benjamin/pebble-dev/Projects/GPS_Coords_PasMoche/lib/libpebble.a(tmpHZgwt9pebble_os.o)
 .text.rand     0x00000000        0xc /home/benjamin/pebble-dev/Projects/GPS_Coords_PasMoche/lib/libpebble.a(tmpHZgwt9pebble_os.o)
 .text.srand    0x00000000        0xc /home/benjamin/pebble-dev/Projects/GPS_Coords_PasMoche/lib/libpebble.a(tmpHZgwt9pebble_os.o)
 .text.snprintf
                0x00000000        0xc /home/benjamin/pebble-dev/Projects/GPS_Coords_PasMoche/lib/libpebble.a(tmpHZgwt9pebble_os.o)
 .text.strcmp   0x00000000        0xc /home/benjamin/pebble-dev/Projects/GPS_Coords_PasMoche/lib/libpebble.a(tmpHZgwt9pebble_os.o)
 .text.strncmp  0x00000000        0xc /home/benjamin/pebble-dev/Projects/GPS_Coords_PasMoche/lib/libpebble.a(tmpHZgwt9pebble_os.o)
 .text.strcpy   0x00000000        0xc /home/benjamin/pebble-dev/Projects/GPS_Coords_PasMoche/lib/libpebble.a(tmpHZgwt9pebble_os.o)
 .text.strncpy  0x00000000        0xc /home/benjamin/pebble-dev/Projects/GPS_Coords_PasMoche/lib/libpebble.a(tmpHZgwt9pebble_os.o)
 .text.strcat   0x00000000        0xc /home/benjamin/pebble-dev/Projects/GPS_Coords_PasMoche/lib/libpebble.a(tmpHZgwt9pebble_os.o)
 .text.strncat  0x00000000        0xc /home/benjamin/pebble-dev/Projects/GPS_Coords_PasMoche/lib/libpebble.a(tmpHZgwt9pebble_os.o)
 .text.memmove  0x00000000        0xc /home/benjamin/pebble-dev/Projects/GPS_Coords_PasMoche/lib/libpebble.a(tmpHZgwt9pebble_os.o)
 .text.time     0x00000000        0xc /home/benjamin/pebble-dev/Projects/GPS_Coords_PasMoche/lib/libpebble.a(tmpHZgwt9pebble_os.o)
 .text.time_ms  0x00000000        0xc /home/benjamin/pebble-dev/Projects/GPS_Coords_PasMoche/lib/libpebble.a(tmpHZgwt9pebble_os.o)
 .bss           0x00000000        0x0 /home/benjamin/pebble-dev/arm-cs-tools/bin/../lib/gcc/arm-none-eabi/4.6.3/thumb2/libgcc.a(_arm_addsubsf3.o)
 .bss           0x00000000        0x0 /home/benjamin/pebble-dev/arm-cs-tools/bin/../lib/gcc/arm-none-eabi/4.6.3/thumb2/libgcc.a(_arm_muldivsf3.o)
 .bss           0x00000000        0x0 /home/benjamin/pebble-dev/arm-cs-tools/bin/../lib/gcc/arm-none-eabi/4.6.3/thumb2/libgcc.a(_arm_fixsfsi.o)
 .text          0x00000000        0x0 /home/benjamin/pebble-dev/arm-cs-tools/bin/../lib/gcc/arm-none-eabi/4.6.3/thumb2/crtend.o
 .bss           0x00000000        0x0 /home/benjamin/pebble-dev/arm-cs-tools/bin/../lib/gcc/arm-none-eabi/4.6.3/thumb2/crtend.o
 .eh_frame      0x00000000        0x4 /home/benjamin/pebble-dev/arm-cs-tools/bin/../lib/gcc/arm-none-eabi/4.6.3/thumb2/crtend.o
 .jcr           0x00000000        0x4 /home/benjamin/pebble-dev/arm-cs-tools/bin/../lib/gcc/arm-none-eabi/4.6.3/thumb2/crtend.o
 .text          0x00000000        0x0 /home/benjamin/pebble-dev/arm-cs-tools/bin/../lib/gcc/arm-none-eabi/4.6.3/thumb2/crtn.o
 .bss           0x00000000        0x0 /home/benjamin/pebble-dev/arm-cs-tools/bin/../lib/gcc/arm-none-eabi/4.6.3/thumb2/crtn.o
 .init          0x00000000        0x8 /home/benjamin/pebble-dev/arm-cs-tools/bin/../lib/gcc/arm-none-eabi/4.6.3/thumb2/crtn.o
 .fini          0x00000000        0x8 /home/benjamin/pebble-dev/arm-cs-tools/bin/../lib/gcc/arm-none-eabi/4.6.3/thumb2/crtn.o

Memory Configuration

Name             Origin             Length             Attributes
APP              0x00000000         0x00006000         xrw
*default*        0x00000000         0xffffffff

Linker script and memory map

LOAD /home/benjamin/pebble-dev/arm-cs-tools/bin/../lib/gcc/arm-none-eabi/4.6.3/thumb2/crti.o
LOAD /home/benjamin/pebble-dev/arm-cs-tools/bin/../lib/gcc/arm-none-eabi/4.6.3/thumb2/crtbegin.o
LOAD src/http.c.1.o
LOAD src/main.c.1.o
LOAD /home/benjamin/pebble-dev/Projects/GPS_Coords_PasMoche/lib/libpebble.a
START GROUP
LOAD /home/benjamin/pebble-dev/arm-cs-tools/bin/../lib/gcc/arm-none-eabi/4.6.3/thumb2/libgcc.a
LOAD /home/benjamin/pebble-dev/arm-cs-tools/bin/../lib/gcc/arm-none-eabi/4.6.3/../../../../arm-none-eabi/lib/thumb2/libc.a
END GROUP
LOAD /home/benjamin/pebble-dev/arm-cs-tools/bin/../lib/gcc/arm-none-eabi/4.6.3/thumb2/crtend.o
LOAD /home/benjamin/pebble-dev/arm-cs-tools/bin/../lib/gcc/arm-none-eabi/4.6.3/thumb2/crtn.o

.header         0x00000000       0x7c
 *(.pbl_header)
 .pbl_header    0x00000000       0x7c src/main.c.1.o
                0x00000000                __pbl_app_info

.rodata         0x0000007c       0x20
 .rodata        0x0000007c       0x20 src/main.c.1.o

.rodata.str1.1  0x0000009c       0x3f
 .rodata.str1.1
                0x0000009c       0x3f src/main.c.1.o
                                 0x40 (size before relaxing)

.text           0x000000dc      0x51c
 *(.text)
 .text          0x000000dc       0x14 /home/benjamin/pebble-dev/Projects/GPS_Coords_PasMoche/lib/libpebble.a(tmpHZgwt9pebble_os.o)
 .text          0x000000f0      0x21c /home/benjamin/pebble-dev/arm-cs-tools/bin/../lib/gcc/arm-none-eabi/4.6.3/thumb2/libgcc.a(_arm_addsubsf3.o)
                0x000000f0                __aeabi_frsub
                0x000000f8                __subsf3
                0x000000f8                __aeabi_fsub
                0x000000fc                __aeabi_fadd
                0x000000fc                __addsf3
                0x0000025c                __aeabi_ui2f
                0x0000025c                __floatunsisf
                0x00000264                __aeabi_i2f
                0x00000264                __floatsisf
                0x00000280                __floatundisf
                0x00000280                __aeabi_ul2f
                0x00000290                __floatdisf
                0x00000290                __aeabi_l2f
 .text          0x0000030c      0x2a0 /home/benjamin/pebble-dev/arm-cs-tools/bin/../lib/gcc/arm-none-eabi/4.6.3/thumb2/libgcc.a(_arm_muldivsf3.o)
                0x0000030c                __mulsf3
                0x0000030c                __aeabi_fmul
                0x00000474                __divsf3
                0x00000474                __aeabi_fdiv
 .text          0x000005ac       0x4c /home/benjamin/pebble-dev/arm-cs-tools/bin/../lib/gcc/arm-none-eabi/4.6.3/thumb2/libgcc.a(_arm_fixsfsi.o)
                0x000005ac                __fixsfsi
                0x000005ac                __aeabi_f2iz

.glue_7         0x000005f8        0x0
 .glue_7        0x00000000        0x0 linker stubs

.glue_7t        0x000005f8        0x0
 .glue_7t       0x00000000        0x0 linker stubs

.vfp11_veneer   0x000005f8        0x0
 .vfp11_veneer  0x00000000        0x0 linker stubs

.v4_bx          0x000005f8        0x0
 .v4_bx         0x00000000        0x0 linker stubs

.iplt           0x000005f8        0x0
 .iplt          0x00000000        0x0 /home/benjamin/pebble-dev/arm-cs-tools/bin/../lib/gcc/arm-none-eabi/4.6.3/thumb2/crti.o

.text.app_send_failed
                0x000005f8       0x18
 .text.app_send_failed
                0x000005f8       0x18 src/http.c.1.o

.text.app_dropped
                0x00000610       0x1c
 .text.app_dropped
                0x00000610       0x1c src/http.c.1.o

.text.http_register_callbacks
                0x0000062c       0xa0
 .text.http_register_callbacks
                0x0000062c       0xa0 src/http.c.1.o
                0x0000062c                http_register_callbacks

.text.floatFromUint32
                0x000006cc        0x2
 .text.floatFromUint32
                0x000006cc        0x2 src/http.c.1.o
                0x000006cc                floatFromUint32

.text.app_received
                0x000006d0      0x298
 .text.app_received
                0x000006d0      0x298 src/http.c.1.o

.text.http_location_request
                0x00000968       0x2a
 .text.http_location_request
                0x00000968       0x2a src/http.c.1.o
                0x00000968                http_location_request

.text.http_set_app_id
                0x00000994        0xc
 .text.http_set_app_id
                0x00000994        0xc src/http.c.1.o
                0x00000994                http_set_app_id

.text.config_provider
                0x000009a0       0x10
 .text.config_provider
                0x000009a0       0x10 src/main.c.1.o
                0x000009a0                config_provider

.text.handle_init
                0x000009b0      0x138
 .text.handle_init
                0x000009b0      0x138 src/main.c.1.o
                0x000009b0                handle_init

.text.select_single_click_handler
                0x00000ae8       0x4c
 .text.select_single_click_handler
                0x00000ae8       0x4c src/main.c.1.o
                0x00000ae8                select_single_click_handler

.text.itoa      0x00000b34       0x58
 .text.itoa     0x00000b34       0x58 src/main.c.1.o
                0x00000b34                itoa

.text.location  0x00000b8c      0x288
 .text.location
                0x00000b8c      0x288 src/main.c.1.o
                0x00000b8c                location

.text.pbl_main  0x00000e14       0x34
 .text.pbl_main
                0x00000e14       0x34 src/main.c.1.o
                0x00000e14                pbl_main

.text.app_event_loop
                0x00000e48        0xc
 .text.app_event_loop
                0x00000e48        0xc /home/benjamin/pebble-dev/Projects/GPS_Coords_PasMoche/lib/libpebble.a(tmpHZgwt9pebble_os.o)
                0x00000e48                app_event_loop

.text.fonts_get_system_font
                0x00000e54        0xc
 .text.fonts_get_system_font
                0x00000e54        0xc /home/benjamin/pebble-dev/Projects/GPS_Coords_PasMoche/lib/libpebble.a(tmpHZgwt9pebble_os.o)
                0x00000e54                fonts_get_system_font

.text.layer_add_child
                0x00000e60        0xc
 .text.layer_add_child
                0x00000e60        0xc /home/benjamin/pebble-dev/Projects/GPS_Coords_PasMoche/lib/libpebble.a(tmpHZgwt9pebble_os.o)
                0x00000e60                layer_add_child

.text.window_init
                0x00000e6c        0xc
 .text.window_init
                0x00000e6c        0xc /home/benjamin/pebble-dev/Projects/GPS_Coords_PasMoche/lib/libpebble.a(tmpHZgwt9pebble_os.o)
                0x00000e6c                window_init

.text.window_stack_push
                0x00000e78        0xc
 .text.window_stack_push
                0x00000e78        0xc /home/benjamin/pebble-dev/Projects/GPS_Coords_PasMoche/lib/libpebble.a(tmpHZgwt9pebble_os.o)
                0x00000e78                window_stack_push

.text.window_set_click_config_provider
                0x00000e84        0xc
 .text.window_set_click_config_provider
                0x00000e84        0xc /home/benjamin/pebble-dev/Projects/GPS_Coords_PasMoche/lib/libpebble.a(tmpHZgwt9pebble_os.o)
                0x00000e84                window_set_click_config_provider

.text.text_layer_init
                0x00000e90        0xc
 .text.text_layer_init
                0x00000e90        0xc /home/benjamin/pebble-dev/Projects/GPS_Coords_PasMoche/lib/libpebble.a(tmpHZgwt9pebble_os.o)
                0x00000e90                text_layer_init

.text.text_layer_set_text
                0x00000e9c        0xc
 .text.text_layer_set_text
                0x00000e9c        0xc /home/benjamin/pebble-dev/Projects/GPS_Coords_PasMoche/lib/libpebble.a(tmpHZgwt9pebble_os.o)
                0x00000e9c                text_layer_set_text

.text.text_layer_set_font
                0x00000ea8        0xc
 .text.text_layer_set_font
                0x00000ea8        0xc /home/benjamin/pebble-dev/Projects/GPS_Coords_PasMoche/lib/libpebble.a(tmpHZgwt9pebble_os.o)
                0x00000ea8                text_layer_set_font

.text.app_message_register_callbacks
                0x00000eb4        0xc
 .text.app_message_register_callbacks
                0x00000eb4        0xc /home/benjamin/pebble-dev/Projects/GPS_Coords_PasMoche/lib/libpebble.a(tmpHZgwt9pebble_os.o)
                0x00000eb4                app_message_register_callbacks

.text.app_message_deregister_callbacks
                0x00000ec0        0xc
 .text.app_message_deregister_callbacks
                0x00000ec0        0xc /home/benjamin/pebble-dev/Projects/GPS_Coords_PasMoche/lib/libpebble.a(tmpHZgwt9pebble_os.o)
                0x00000ec0                app_message_deregister_callbacks

.text.app_message_out_get
                0x00000ecc        0xc
 .text.app_message_out_get
                0x00000ecc        0xc /home/benjamin/pebble-dev/Projects/GPS_Coords_PasMoche/lib/libpebble.a(tmpHZgwt9pebble_os.o)
                0x00000ecc                app_message_out_get

.text.app_message_out_send
                0x00000ed8        0xc
 .text.app_message_out_send
                0x00000ed8        0xc /home/benjamin/pebble-dev/Projects/GPS_Coords_PasMoche/lib/libpebble.a(tmpHZgwt9pebble_os.o)
                0x00000ed8                app_message_out_send

.text.app_message_out_release
                0x00000ee4        0xc
 .text.app_message_out_release
                0x00000ee4        0xc /home/benjamin/pebble-dev/Projects/GPS_Coords_PasMoche/lib/libpebble.a(tmpHZgwt9pebble_os.o)
                0x00000ee4                app_message_out_release

.text.dict_write_uint8
                0x00000ef0        0xc
 .text.dict_write_uint8
                0x00000ef0        0xc /home/benjamin/pebble-dev/Projects/GPS_Coords_PasMoche/lib/libpebble.a(tmpHZgwt9pebble_os.o)
                0x00000ef0                dict_write_uint8

.text.dict_read_next
                0x00000efc        0xc
 .text.dict_read_next
                0x00000efc        0xc /home/benjamin/pebble-dev/Projects/GPS_Coords_PasMoche/lib/libpebble.a(tmpHZgwt9pebble_os.o)
                0x00000efc                dict_read_next

.text.dict_read_first
                0x00000f08        0xc
 .text.dict_read_first
                0x00000f08        0xc /home/benjamin/pebble-dev/Projects/GPS_Coords_PasMoche/lib/libpebble.a(tmpHZgwt9pebble_os.o)
                0x00000f08                dict_read_first

.text.dict_find
                0x00000f14        0xc
 .text.dict_find
                0x00000f14        0xc /home/benjamin/pebble-dev/Projects/GPS_Coords_PasMoche/lib/libpebble.a(tmpHZgwt9pebble_os.o)
                0x00000f14                dict_find

.text.strlen    0x00000f20        0xc
 .text.strlen   0x00000f20        0xc /home/benjamin/pebble-dev/Projects/GPS_Coords_PasMoche/lib/libpebble.a(tmpHZgwt9pebble_os.o)
                0x00000f20                strlen

.text.memset    0x00000f2c        0xc
 .text.memset   0x00000f2c        0xc /home/benjamin/pebble-dev/Projects/GPS_Coords_PasMoche/lib/libpebble.a(tmpHZgwt9pebble_os.o)
                0x00000f2c                memset

.text.memcpy    0x00000f38        0xc
 .text.memcpy   0x00000f38        0xc /home/benjamin/pebble-dev/Projects/GPS_Coords_PasMoche/lib/libpebble.a(tmpHZgwt9pebble_os.o)
                0x00000f38                memcpy

.rel.dyn        0x00000f44        0x0
 .rel.iplt      0x00000000        0x0 /home/benjamin/pebble-dev/arm-cs-tools/bin/../lib/gcc/arm-none-eabi/4.6.3/thumb2/crti.o
 .rel.got       0x00000000        0x0 /home/benjamin/pebble-dev/arm-cs-tools/bin/../lib/gcc/arm-none-eabi/4.6.3/thumb2/crti.o

.data           0x00000f44        0x4
 *(.data)
 .data          0x00000f44        0x0 /home/benjamin/pebble-dev/arm-cs-tools/bin/../lib/gcc/arm-none-eabi/4.6.3/thumb2/crti.o
 .data          0x00000f44        0x4 /home/benjamin/pebble-dev/arm-cs-tools/bin/../lib/gcc/arm-none-eabi/4.6.3/thumb2/crtbegin.o
                0x00000f44                __dso_handle
 .data          0x00000f48        0x0 src/http.c.1.o
 .data          0x00000f48        0x0 src/main.c.1.o
 .data          0x00000f48        0x0 /home/benjamin/pebble-dev/Projects/GPS_Coords_PasMoche/lib/libpebble.a(tmpHZgwt9pebble_os.o)
 .data          0x00000f48        0x0 /home/benjamin/pebble-dev/arm-cs-tools/bin/../lib/gcc/arm-none-eabi/4.6.3/thumb2/libgcc.a(_arm_addsubsf3.o)
 .data          0x00000f48        0x0 /home/benjamin/pebble-dev/arm-cs-tools/bin/../lib/gcc/arm-none-eabi/4.6.3/thumb2/libgcc.a(_arm_muldivsf3.o)
 .data          0x00000f48        0x0 /home/benjamin/pebble-dev/arm-cs-tools/bin/../lib/gcc/arm-none-eabi/4.6.3/thumb2/libgcc.a(_arm_fixsfsi.o)
 .data          0x00000f48        0x0 /home/benjamin/pebble-dev/arm-cs-tools/bin/../lib/gcc/arm-none-eabi/4.6.3/thumb2/crtend.o
 .data          0x00000f48        0x0 /home/benjamin/pebble-dev/arm-cs-tools/bin/../lib/gcc/arm-none-eabi/4.6.3/thumb2/crtn.o

.igot.plt       0x00000f48        0x0
 .igot.plt      0x00000000        0x0 /home/benjamin/pebble-dev/arm-cs-tools/bin/../lib/gcc/arm-none-eabi/4.6.3/thumb2/crti.o

.got            0x00000f48       0x10
 .got           0x00000f48       0x10 /home/benjamin/pebble-dev/arm-cs-tools/bin/../lib/gcc/arm-none-eabi/4.6.3/thumb2/crti.o

.got.plt        0x00000f58        0xc
 .got.plt       0x00000f58        0xc /home/benjamin/pebble-dev/arm-cs-tools/bin/../lib/gcc/arm-none-eabi/4.6.3/thumb2/crti.o
                0x00000f58                _GLOBAL_OFFSET_TABLE_

.data.alt.6488  0x00000f64       0x1e
 .data.alt.6488
                0x00000f64       0x1e src/main.c.1.o

.data.lon.6487  0x00000f82       0x1e
 .data.lon.6487
                0x00000f82       0x1e src/main.c.1.o

.data.lat.6486  0x00000fa0       0x1e
 .data.lat.6486
                0x00000fa0       0x1e src/main.c.1.o

.data.degsign.6485
                0x00000fbe        0x3
 .data.degsign.6485
                0x00000fbe        0x3 src/main.c.1.o

.bss            0x00000fc4      0x100
 *(.bss)
 COMMON         0x00000fc4      0x100 src/main.c.1.o
                0x00000fc4                latLayer
                0x00000ffc                altLayer
                0x00001034                window
                0x0000108c                lonLayer

.bss.our_app_id
                0x000010c4        0x4
 .bss.our_app_id
                0x000010c4        0x4 src/http.c.1.o

.bss.app_callbacks
                0x000010c8       0x1c
 .bss.app_callbacks
                0x000010c8       0x1c src/http.c.1.o

.bss.http_callbacks
                0x000010e4       0x28
 .bss.http_callbacks
                0x000010e4       0x28 src/http.c.1.o

.bss.callbacks_registered
                0x0000110c        0x1
 .bss.callbacks_registered
                0x0000110c        0x1 src/http.c.1.o

.bss.located    0x0000110d        0x1
 .bss.located   0x0000110d        0x1 src/main.c.1.o

.bss.buf.6466   0x0000110e        0xe
 .bss.buf.6466  0x0000110e        0xe src/main.c.1.o

DISCARD
 libc.a(*)
 libm.a(*)
 libgcc.a(*)
 *(.eh_frame)
OUTPUT(/home/benjamin/pebble-dev/Projects/GPS_Coords_PasMoche/build/pebble-app.elf elf32-littlearm)

.ARM.attributes
                0x00000000       0x27
 .ARM.attributes
                0x00000000       0x1b /home/benjamin/pebble-dev/arm-cs-tools/bin/../lib/gcc/arm-none-eabi/4.6.3/thumb2/crti.o
 .ARM.attributes
                0x0000001b       0x2b /home/benjamin/pebble-dev/arm-cs-tools/bin/../lib/gcc/arm-none-eabi/4.6.3/thumb2/crtbegin.o
 .ARM.attributes
                0x00000046       0x33 src/http.c.1.o
 .ARM.attributes
                0x00000079       0x33 src/main.c.1.o
 .ARM.attributes
                0x000000ac       0x21 /home/benjamin/pebble-dev/Projects/GPS_Coords_PasMoche/lib/libpebble.a(tmpHZgwt9pebble_os.o)
 .ARM.attributes
                0x000000cd       0x1b /home/benjamin/pebble-dev/arm-cs-tools/bin/../lib/gcc/arm-none-eabi/4.6.3/thumb2/libgcc.a(_arm_addsubsf3.o)
 .ARM.attributes
                0x000000e8       0x1b /home/benjamin/pebble-dev/arm-cs-tools/bin/../lib/gcc/arm-none-eabi/4.6.3/thumb2/libgcc.a(_arm_muldivsf3.o)
 .ARM.attributes
                0x00000103       0x1b /home/benjamin/pebble-dev/arm-cs-tools/bin/../lib/gcc/arm-none-eabi/4.6.3/thumb2/libgcc.a(_arm_fixsfsi.o)
 .ARM.attributes
                0x0000011e       0x2b /home/benjamin/pebble-dev/arm-cs-tools/bin/../lib/gcc/arm-none-eabi/4.6.3/thumb2/crtend.o
 .ARM.attributes
                0x00000149       0x1b /home/benjamin/pebble-dev/arm-cs-tools/bin/../lib/gcc/arm-none-eabi/4.6.3/thumb2/crtn.o

.comment        0x00000000       0x4e
 .comment       0x00000000       0x4e /home/benjamin/pebble-dev/arm-cs-tools/bin/../lib/gcc/arm-none-eabi/4.6.3/thumb2/crtbegin.o
                                 0x4f (size before relaxing)
 .comment       0x00000000       0x4f src/http.c.1.o
 .comment       0x00000000       0x4f src/main.c.1.o
 .comment       0x00000000       0x4f /home/benjamin/pebble-dev/arm-cs-tools/bin/../lib/gcc/arm-none-eabi/4.6.3/thumb2/crtend.o

.debug_line     0x00000000      0xa6f
 .debug_line    0x00000000       0x71 /home/benjamin/pebble-dev/arm-cs-tools/bin/../lib/gcc/arm-none-eabi/4.6.3/thumb2/crti.o
 .debug_line    0x00000071      0x3f6 src/http.c.1.o
 .debug_line    0x00000467      0x287 src/main.c.1.o
 .debug_line    0x000006ee      0x12f /home/benjamin/pebble-dev/arm-cs-tools/bin/../lib/gcc/arm-none-eabi/4.6.3/thumb2/libgcc.a(_arm_addsubsf3.o)
 .debug_line    0x0000081d      0x150 /home/benjamin/pebble-dev/arm-cs-tools/bin/../lib/gcc/arm-none-eabi/4.6.3/thumb2/libgcc.a(_arm_muldivsf3.o)
 .debug_line    0x0000096d       0x8d /home/benjamin/pebble-dev/arm-cs-tools/bin/../lib/gcc/arm-none-eabi/4.6.3/thumb2/libgcc.a(_arm_fixsfsi.o)
 .debug_line    0x000009fa       0x75 /home/benjamin/pebble-dev/arm-cs-tools/bin/../lib/gcc/arm-none-eabi/4.6.3/thumb2/crtn.o

.debug_info     0x00000000     0x2cf2
 .debug_info    0x00000000       0x93 /home/benjamin/pebble-dev/arm-cs-tools/bin/../lib/gcc/arm-none-eabi/4.6.3/thumb2/crti.o
 .debug_info    0x00000093     0x132a src/http.c.1.o
 .debug_info    0x000013bd     0x1659 src/main.c.1.o
 .debug_info    0x00002a16       0xc3 /home/benjamin/pebble-dev/arm-cs-tools/bin/../lib/gcc/arm-none-eabi/4.6.3/thumb2/libgcc.a(_arm_addsubsf3.o)
 .debug_info    0x00002ad9       0xc3 /home/benjamin/pebble-dev/arm-cs-tools/bin/../lib/gcc/arm-none-eabi/4.6.3/thumb2/libgcc.a(_arm_muldivsf3.o)
 .debug_info    0x00002b9c       0xc3 /home/benjamin/pebble-dev/arm-cs-tools/bin/../lib/gcc/arm-none-eabi/4.6.3/thumb2/libgcc.a(_arm_fixsfsi.o)
 .debug_info    0x00002c5f       0x93 /home/benjamin/pebble-dev/arm-cs-tools/bin/../lib/gcc/arm-none-eabi/4.6.3/thumb2/crtn.o

.debug_abbrev   0x00000000      0x5d4
 .debug_abbrev  0x00000000       0x12 /home/benjamin/pebble-dev/arm-cs-tools/bin/../lib/gcc/arm-none-eabi/4.6.3/thumb2/crti.o
 .debug_abbrev  0x00000012      0x319 src/http.c.1.o
 .debug_abbrev  0x0000032b      0x25b src/main.c.1.o
 .debug_abbrev  0x00000586       0x14 /home/benjamin/pebble-dev/arm-cs-tools/bin/../lib/gcc/arm-none-eabi/4.6.3/thumb2/libgcc.a(_arm_addsubsf3.o)
 .debug_abbrev  0x0000059a       0x14 /home/benjamin/pebble-dev/arm-cs-tools/bin/../lib/gcc/arm-none-eabi/4.6.3/thumb2/libgcc.a(_arm_muldivsf3.o)
 .debug_abbrev  0x000005ae       0x14 /home/benjamin/pebble-dev/arm-cs-tools/bin/../lib/gcc/arm-none-eabi/4.6.3/thumb2/libgcc.a(_arm_fixsfsi.o)
 .debug_abbrev  0x000005c2       0x12 /home/benjamin/pebble-dev/arm-cs-tools/bin/../lib/gcc/arm-none-eabi/4.6.3/thumb2/crtn.o

.debug_aranges  0x00000000      0x1e0
 .debug_aranges
                0x00000000       0x28 /home/benjamin/pebble-dev/arm-cs-tools/bin/../lib/gcc/arm-none-eabi/4.6.3/thumb2/crti.o
 .debug_aranges
                0x00000028       0xe8 src/http.c.1.o
 .debug_aranges
                0x00000110       0x48 src/main.c.1.o
 .debug_aranges
                0x00000158       0x20 /home/benjamin/pebble-dev/arm-cs-tools/bin/../lib/gcc/arm-none-eabi/4.6.3/thumb2/libgcc.a(_arm_addsubsf3.o)
 .debug_aranges
                0x00000178       0x20 /home/benjamin/pebble-dev/arm-cs-tools/bin/../lib/gcc/arm-none-eabi/4.6.3/thumb2/libgcc.a(_arm_muldivsf3.o)
 .debug_aranges
                0x00000198       0x20 /home/benjamin/pebble-dev/arm-cs-tools/bin/../lib/gcc/arm-none-eabi/4.6.3/thumb2/libgcc.a(_arm_fixsfsi.o)
 .debug_aranges
                0x000001b8       0x28 /home/benjamin/pebble-dev/arm-cs-tools/bin/../lib/gcc/arm-none-eabi/4.6.3/thumb2/crtn.o

.debug_ranges   0x00000000      0x1f8
 .debug_ranges  0x00000000       0x20 /home/benjamin/pebble-dev/arm-cs-tools/bin/../lib/gcc/arm-none-eabi/4.6.3/thumb2/crti.o
 .debug_ranges  0x00000020      0x180 src/http.c.1.o
 .debug_ranges  0x000001a0       0x38 src/main.c.1.o
 .debug_ranges  0x000001d8       0x20 /home/benjamin/pebble-dev/arm-cs-tools/bin/../lib/gcc/arm-none-eabi/4.6.3/thumb2/crtn.o

.debug_loc      0x00000000     0x122d
 .debug_loc     0x00000000      0xeef src/http.c.1.o
 .debug_loc     0x00000eef      0x33e src/main.c.1.o

.debug_str      0x00000000     0x1340
 .debug_str     0x00000000      0x9ce src/http.c.1.o
                                0xab9 (size before relaxing)
 .debug_str     0x000009ce      0x972 src/main.c.1.o
                                0xf19 (size before relaxing)

.debug_frame    0x00000000      0x3c8
 .debug_frame   0x00000000      0x308 src/http.c.1.o
 .debug_frame   0x00000308       0xc0 src/main.c.1.o
